Component: Arm Compiler for Embedded 6.24 Tool: armlink [5f371500]

==============================================================================

Image Symbol Table

    Local Symbols

    Symbol Name                              Value     Ov Type        Size  Object(Section)

    ../clib/division.s                       0x00000000   Number         0  aeabi_sdiv.o ABSOLUTE
    ../clib/division.s                       0x00000000   Number         0  aeabi_sdiv_div0.o ABSOLUTE
    ../clib/microlib/division.c              0x00000000   Number         0  uidiv.o ABSOLUTE
    ../clib/microlib/division.c              0x00000000   Number         0  uidiv_div0.o ABSOLUTE
    ../clib/microlib/division.c              0x00000000   Number         0  idiv_div0.o ABSOLUTE
    ../clib/microlib/division.c              0x00000000   Number         0  idiv0.o ABSOLUTE
    ../clib/microlib/init/entry.s            0x00000000   Number         0  entry.o ABSOLUTE
    ../clib/microlib/init/entry.s            0x00000000   Number         0  entry2.o ABSOLUTE
    ../clib/microlib/init/entry.s            0x00000000   Number         0  entry5.o ABSOLUTE
    ../clib/microlib/init/entry.s            0x00000000   Number         0  entry7a.o ABSOLUTE
    ../clib/microlib/init/entry.s            0x00000000   Number         0  entry7b.o ABSOLUTE
    ../clib/microlib/init/entry.s            0x00000000   Number         0  entry8a.o ABSOLUTE
    ../clib/microlib/init/entry.s            0x00000000   Number         0  entry8b.o ABSOLUTE
    ../clib/microlib/init/entry.s            0x00000000   Number         0  entry9a.o ABSOLUTE
    ../clib/microlib/init/entry.s            0x00000000   Number         0  entry9b.o ABSOLUTE
    ../clib/microlib/init/entry.s            0x00000000   Number         0  entry10a.o ABSOLUTE
    ../clib/microlib/init/entry.s            0x00000000   Number         0  entry10b.o ABSOLUTE
    ../clib/microlib/init/entry.s            0x00000000   Number         0  entry11a.o ABSOLUTE
    ../clib/microlib/init/entry.s            0x00000000   Number         0  entry11b.o ABSOLUTE
    dc.s                                     0x00000000   Number         0  dc.o ABSOLUTE
    ddl.c                                    0x00000000   Number         0  ddl.o ABSOLUTE
    handlers.s                               0x00000000   Number         0  handlers.o ABSOLUTE
    init.s                                   0x00000000   Number         0  init.o ABSOLUTE
    interrupts_hc32f002.c                    0x00000000   Number         0  interrupts_hc32f002.o ABSOLUTE
    main.c                                   0x00000000   Number         0  main.o ABSOLUTE
    startup_hc32f002.s                       0x00000000   Number         0  startup_hc32f002.o ABSOLUTE
    sysctrl.c                                0x00000000   Number         0  sysctrl.o ABSOLUTE
    system_hc32f002.c                        0x00000000   Number         0  system_hc32f002.o ABSOLUTE
    RESET                                    0x00000000   Section      192  startup_hc32f002.o(RESET)
    .ARM.Collect$$$$00000000                 0x000000c0   Section        0  entry.o(.ARM.Collect$$$$00000000)
    .ARM.Collect$$$$00000001                 0x000000c0   Section        4  entry2.o(.ARM.Collect$$$$00000001)
    .ARM.Collect$$$$00000004                 0x000000c4   Section        4  entry5.o(.ARM.Collect$$$$00000004)
    .ARM.Collect$$$$00000008                 0x000000c8   Section        0  entry7b.o(.ARM.Collect$$$$00000008)
    .ARM.Collect$$$$0000000A                 0x000000c8   Section        0  entry8b.o(.ARM.Collect$$$$0000000A)
    .ARM.Collect$$$$0000000B                 0x000000c8   Section        8  entry9a.o(.ARM.Collect$$$$0000000B)
    __lit__00000000                          0x000000d0   Data           4  entry2.o(.ARM.Collect$$$$00002712)
    .ARM.Collect$$$$0000000D                 0x000000d0   Section        0  entry10a.o(.ARM.Collect$$$$0000000D)
    .ARM.Collect$$$$0000000F                 0x000000d0   Section        0  entry11a.o(.ARM.Collect$$$$0000000F)
    .ARM.Collect$$$$00002712                 0x000000d0   Section        4  entry2.o(.ARM.Collect$$$$00002712)
    .text                                    0x000000d4   Section       60  startup_hc32f002.o(.text)
    .text                                    0x00000110   Section        0  uidiv_div0.o(.text)
    .text                                    0x00000150   Section       48  init.o(.text)
    [Anonymous Symbol]                       0x00000180   Section        0  system_hc32f002.o(.text.$Sub$$main)
    [Anonymous Symbol]                       0x0000018e   Section        0  interrupts_hc32f002.o(.text.ADC_IRQHandler)
    [Anonymous Symbol]                       0x00000196   Section        0  interrupts_hc32f002.o(.text.ATIM3_IRQHandler)
    [Anonymous Symbol]                       0x0000019e   Section        0  interrupts_hc32f002.o(.text.CTRIM_IRQHandler)
    [Anonymous Symbol]                       0x000001a6   Section        0  interrupts_hc32f002.o(.text.FLASH_IRQHandler)
    [Anonymous Symbol]                       0x000001ae   Section        0  interrupts_hc32f002.o(.text.GTIM_BTIM3_4_5_IRQHandler)
    [Anonymous Symbol]                       0x000001c2   Section        0  interrupts_hc32f002.o(.text.HardFault_Handler)
    [Anonymous Symbol]                       0x000001d2   Section        0  interrupts_hc32f002.o(.text.I2C_IRQHandler)
    [Anonymous Symbol]                       0x000001da   Section        0  interrupts_hc32f002.o(.text.IWDT_WWDT_IRQHandler)
    [Anonymous Symbol]                       0x000001e6   Section        0  interrupts_hc32f002.o(.text.LPUART0_IRQHandler)
    [Anonymous Symbol]                       0x000001ee   Section        0  interrupts_hc32f002.o(.text.LPUART1_IRQHandler)
    [Anonymous Symbol]                       0x000001f6   Section        0  interrupts_hc32f002.o(.text.LVD_IRQHandler)
    [Anonymous Symbol]                       0x000001fe   Section        0  interrupts_hc32f002.o(.text.PORTA_IRQHandler)
    [Anonymous Symbol]                       0x00000206   Section        0  interrupts_hc32f002.o(.text.PORTB_IRQHandler)
    [Anonymous Symbol]                       0x0000020e   Section        0  interrupts_hc32f002.o(.text.PORTC_IRQHandler)
    [Anonymous Symbol]                       0x00000216   Section        0  interrupts_hc32f002.o(.text.PORTD_IRQHandler)
    [Anonymous Symbol]                       0x0000021e   Section        0  interrupts_hc32f002.o(.text.SPI_IRQHandler)
    [Anonymous Symbol]                       0x00000228   Section        0  sysctrl.o(.text.SYSCTRL_GetHCLK)
    [Anonymous Symbol]                       0x00000234   Section        0  interrupts_hc32f002.o(.text.SysTick_Handler)
    [Anonymous Symbol]                       0x0000023c   Section        0  system_hc32f002.o(.text.SystemCoreClockUpdate)
    __arm_cp.0_0                             0x00000248   Number         4  system_hc32f002.o(.text.SystemCoreClockUpdate)
    [Anonymous Symbol]                       0x0000024c   Section        0  system_hc32f002.o(.text.SystemInit)
    __arm_cp.1_0                             0x00000288   Number         4  system_hc32f002.o(.text.SystemInit)
    __arm_cp.1_2                             0x0000028c   Number         4  system_hc32f002.o(.text.SystemInit)
    __arm_cp.1_3                             0x00000290   Number         4  system_hc32f002.o(.text.SystemInit)
    __arm_cp.1_5                             0x00000294   Number         4  system_hc32f002.o(.text.SystemInit)
    [Anonymous Symbol]                       0x00000298   Section        0  sysctrl.o(.text._SystemCoreClockUpdate)
    __arm_cp.2_0                             0x00000310   Number         4  sysctrl.o(.text._SystemCoreClockUpdate)
    __arm_cp.2_1                             0x00000314   Number         4  sysctrl.o(.text._SystemCoreClockUpdate)
    __arm_cp.2_2                             0x00000318   Number         4  sysctrl.o(.text._SystemCoreClockUpdate)
    __arm_cp.2_3                             0x0000031c   Number         4  sysctrl.o(.text._SystemCoreClockUpdate)
    __arm_cp.2_4                             0x00000320   Number         4  sysctrl.o(.text._SystemCoreClockUpdate)
    __arm_cp.2_5                             0x00000324   Number         4  sysctrl.o(.text._SystemCoreClockUpdate)
    __arm_cp.2_6                             0x00000328   Number         4  sysctrl.o(.text._SystemCoreClockUpdate)
    __arm_cp.2_7                             0x0000032c   Number         4  sysctrl.o(.text._SystemCoreClockUpdate)
    au32RCHFreqTable                         0x00000330   Number         0  sysctrl.o(.text._SystemCoreClockUpdate)
    [Anonymous Symbol]                       0x00000354   Section        0  main.o(.text.main)
    i.__scatterload_copy                     0x00000356   Section       14  handlers.o(i.__scatterload_copy)
    i.__scatterload_null                     0x00000364   Section        2  handlers.o(i.__scatterload_null)
    i.__scatterload_zeroinit                 0x00000366   Section       14  handlers.o(i.__scatterload_zeroinit)
    STACK                                    0x20000008   Section      512  startup_hc32f002.o(STACK)

    Global Symbols

    Symbol Name                              Value     Ov Type        Size  Object(Section)

    BuildAttributes$$THM_ISAv3M$S$PE$A:L22$X:L11$S22$IEEE1$IW$~IW$USESV6$~STKCKD$USESV7$WCHAR32$ENUMINT$~SHL$OSPACE$EBA8$MICROLIB$REQ8$PRES8$EABIv2 0x00000000   Number         0  anon$$obj.o ABSOLUTE
    __Vectors                                0x00000000   Data           0  startup_hc32f002.o(RESET)
    ATim3_IRQHandler                          - Undefined Weak Reference
    Adc_IRQHandler                            - Undefined Weak Reference
    BTim3_IRQHandler                          - Undefined Weak Reference
    BTim4_IRQHandler                          - Undefined Weak Reference
    BTim5_IRQHandler                          - Undefined Weak Reference
    Ctrim_IRQHandler                          - Undefined Weak Reference
    Flash_IRQHandler                          - Undefined Weak Reference
    GTim_IRQHandler                           - Undefined Weak Reference
    I2c_IRQHandler                            - Undefined Weak Reference
    Iwdt_IRQHandler                           - Undefined Weak Reference
    LpUart0_IRQHandler                        - Undefined Weak Reference
    LpUart1_IRQHandler                        - Undefined Weak Reference
    Lvd_IRQHandler                            - Undefined Weak Reference
    PortA_IRQHandler                          - Undefined Weak Reference
    PortB_IRQHandler                          - Undefined Weak Reference
    PortC_IRQHandler                          - Undefined Weak Reference
    PortD_IRQHandler                          - Undefined Weak Reference
    Spi_IRQHandler                            - Undefined Weak Reference
    SysTick_IRQHandler                        - Undefined Weak Reference
    Wwdt_IRQHandler                           - Undefined Weak Reference
    __cpp_initialize__aeabi_                  - Undefined Weak Reference
    __cxa_finalize                            - Undefined Weak Reference
    __decompress                              - Undefined Weak Reference
    _clock_init                               - Undefined Weak Reference
    _microlib_exit                            - Undefined Weak Reference
    __Vectors_End                            0x000000c0   Data           0  startup_hc32f002.o(RESET)
    __Vectors_Size                           0x000000c0   Number         0  startup_hc32f002.o ABSOLUTE
    __main                                   0x000000c1   Thumb Code     0  entry.o(.ARM.Collect$$$$00000000)
    _main_stk                                0x000000c1   Thumb Code     0  entry2.o(.ARM.Collect$$$$00000001)
    _main_scatterload                        0x000000c5   Thumb Code     0  entry5.o(.ARM.Collect$$$$00000004)
    __main_after_scatterload                 0x000000c9   Thumb Code     0  entry5.o(.ARM.Collect$$$$00000004)
    _main_clock                              0x000000c9   Thumb Code     0  entry7b.o(.ARM.Collect$$$$00000008)
    _main_cpp_init                           0x000000c9   Thumb Code     0  entry8b.o(.ARM.Collect$$$$0000000A)
    _main_init                               0x000000c9   Thumb Code     0  entry9a.o(.ARM.Collect$$$$0000000B)
    __rt_final_cpp                           0x000000d1   Thumb Code     0  entry10a.o(.ARM.Collect$$$$0000000D)
    __rt_final_exit                          0x000000d1   Thumb Code     0  entry11a.o(.ARM.Collect$$$$0000000F)
    Reset_Handler                            0x000000d5   Thumb Code    26  startup_hc32f002.o(.text)
    NMI_Handler                              0x000000ef   Thumb Code     2  startup_hc32f002.o(.text)
    SVC_Handler                              0x000000f3   Thumb Code     2  startup_hc32f002.o(.text)
    PendSV_Handler                           0x000000f5   Thumb Code     2  startup_hc32f002.o(.text)
    Dummy_IRQHandler                         0x000000f9   Thumb Code     0  startup_hc32f002.o(.text)
    __aeabi_uidiv                            0x00000111   Thumb Code     0  uidiv_div0.o(.text)
    __aeabi_uidivmod                         0x00000111   Thumb Code    62  uidiv_div0.o(.text)
    __scatterload                            0x00000151   Thumb Code    38  init.o(.text)
    __scatterload_rt2                        0x00000151   Thumb Code     0  init.o(.text)
    main                                     0x00000181   Thumb Code    14  system_hc32f002.o(.text.$Sub$$main)
    ADC_IRQHandler                           0x0000018f   Thumb Code     8  interrupts_hc32f002.o(.text.ADC_IRQHandler)
    ATIM3_IRQHandler                         0x00000197   Thumb Code     8  interrupts_hc32f002.o(.text.ATIM3_IRQHandler)
    CTRIM_IRQHandler                         0x0000019f   Thumb Code     8  interrupts_hc32f002.o(.text.CTRIM_IRQHandler)
    FLASH_IRQHandler                         0x000001a7   Thumb Code     8  interrupts_hc32f002.o(.text.FLASH_IRQHandler)
    GTIM_BTIM3_4_5_IRQHandler                0x000001af   Thumb Code    20  interrupts_hc32f002.o(.text.GTIM_BTIM3_4_5_IRQHandler)
    HardFault_Handler                        0x000001c3   Thumb Code    16  interrupts_hc32f002.o(.text.HardFault_Handler)
    I2C_IRQHandler                           0x000001d3   Thumb Code     8  interrupts_hc32f002.o(.text.I2C_IRQHandler)
    IWDT_WWDT_IRQHandler                     0x000001db   Thumb Code    12  interrupts_hc32f002.o(.text.IWDT_WWDT_IRQHandler)
    LPUART0_IRQHandler                       0x000001e7   Thumb Code     8  interrupts_hc32f002.o(.text.LPUART0_IRQHandler)
    LPUART1_IRQHandler                       0x000001ef   Thumb Code     8  interrupts_hc32f002.o(.text.LPUART1_IRQHandler)
    LVD_IRQHandler                           0x000001f7   Thumb Code     8  interrupts_hc32f002.o(.text.LVD_IRQHandler)
    PORTA_IRQHandler                         0x000001ff   Thumb Code     8  interrupts_hc32f002.o(.text.PORTA_IRQHandler)
    PORTB_IRQHandler                         0x00000207   Thumb Code     8  interrupts_hc32f002.o(.text.PORTB_IRQHandler)
    PORTC_IRQHandler                         0x0000020f   Thumb Code     8  interrupts_hc32f002.o(.text.PORTC_IRQHandler)
    PORTD_IRQHandler                         0x00000217   Thumb Code     8  interrupts_hc32f002.o(.text.PORTD_IRQHandler)
    SPI_IRQHandler                           0x0000021f   Thumb Code     8  interrupts_hc32f002.o(.text.SPI_IRQHandler)
    SYSCTRL_GetHCLK                          0x00000229   Thumb Code    12  sysctrl.o(.text.SYSCTRL_GetHCLK)
    SysTick_Handler                          0x00000235   Thumb Code     8  interrupts_hc32f002.o(.text.SysTick_Handler)
    SystemCoreClockUpdate                    0x0000023d   Thumb Code    12  system_hc32f002.o(.text.SystemCoreClockUpdate)
    SystemInit                               0x0000024d   Thumb Code    60  system_hc32f002.o(.text.SystemInit)
    _SystemCoreClockUpdate                   0x00000299   Thumb Code   120  sysctrl.o(.text._SystemCoreClockUpdate)
    $Super$$main                             0x00000355   Thumb Code     2  main.o(.text.main)
    __scatterload_copy                       0x00000357   Thumb Code    14  handlers.o(i.__scatterload_copy)
    __scatterload_null                       0x00000365   Thumb Code     2  handlers.o(i.__scatterload_null)
    __scatterload_zeroinit                   0x00000367   Thumb Code    14  handlers.o(i.__scatterload_zeroinit)
    Region$$Table$$Base                      0x00000374   Number         0  anon$$obj.o(Region$$Table)
    Region$$Table$$Limit                     0x00000394   Number         0  anon$$obj.o(Region$$Table)
    SystemCoreClock                          0x20000000   Data           4  system_hc32f002.o(.data.SystemCoreClock)
    SystemHCLK                               0x20000004   Data           4  system_hc32f002.o(.data.SystemHCLK)
    __initial_sp                             0x20000208   Data           0  startup_hc32f002.o(STACK)



==============================================================================

Memory Map of the image

  Image Entry point : 0x000000c1

  Load Region LR_IROM1 (Base: 0x00000000, Size: 0x000003a0, Max: 0x00004800, ABSOLUTE)

    Execution Region ER_IROM1 (Exec base: 0x00000000, Load base: 0x00000000, Size: 0x00000394, Max: 0x00004800, ABSOLUTE)

    Exec Addr    Load Addr    Size         Type   Attr      Idx    E Section Name        Object

    0x00000000   0x00000000   0x000000c0   Data   RO            3    RESET               startup_hc32f002.o
    0x000000c0   0x000000c0   0x00000000   Code   RO          143  * .ARM.Collect$$$$00000000  mc_p.l(entry.o)
    0x000000c0   0x000000c0   0x00000004   Code   RO          150    .ARM.Collect$$$$00000001  mc_p.l(entry2.o)
    0x000000c4   0x000000c4   0x00000004   Code   RO          153    .ARM.Collect$$$$00000004  mc_p.l(entry5.o)
    0x000000c8   0x000000c8   0x00000000   Code   RO          155    .ARM.Collect$$$$00000008  mc_p.l(entry7b.o)
    0x000000c8   0x000000c8   0x00000000   Code   RO          157    .ARM.Collect$$$$0000000A  mc_p.l(entry8b.o)
    0x000000c8   0x000000c8   0x00000008   Code   RO          158    .ARM.Collect$$$$0000000B  mc_p.l(entry9a.o)
    0x000000d0   0x000000d0   0x00000000   Code   RO          160    .ARM.Collect$$$$0000000D  mc_p.l(entry10a.o)
    0x000000d0   0x000000d0   0x00000000   Code   RO          162    .ARM.Collect$$$$0000000F  mc_p.l(entry11a.o)
    0x000000d0   0x000000d0   0x00000004   Code   RO          151    .ARM.Collect$$$$00002712  mc_p.l(entry2.o)
    0x000000d4   0x000000d4   0x0000003c   Code   RO            4    .text               startup_hc32f002.o
    0x00000110   0x00000110   0x0000003e   Code   RO          166    .text               mc_p.l(uidiv_div0.o)
    0x0000014e   0x0000014e   0x00000002   PAD
    0x00000150   0x00000150   0x00000030   Code   RO          172    .text               mc_p.l(init.o)
    0x00000180   0x00000180   0x0000000e   Code   RO           15    .text.$Sub$$main    system_hc32f002.o
    0x0000018e   0x0000018e   0x00000008   Code   RO           55    .text.ADC_IRQHandler  interrupts_hc32f002.o
    0x00000196   0x00000196   0x00000008   Code   RO           41    .text.ATIM3_IRQHandler  interrupts_hc32f002.o
    0x0000019e   0x0000019e   0x00000008   Code   RO           61    .text.CTRIM_IRQHandler  interrupts_hc32f002.o
    0x000001a6   0x000001a6   0x00000008   Code   RO           59    .text.FLASH_IRQHandler  interrupts_hc32f002.o
    0x000001ae   0x000001ae   0x00000014   Code   RO           51    .text.GTIM_BTIM3_4_5_IRQHandler  interrupts_hc32f002.o
    0x000001c2   0x000001c2   0x00000010   Code   RO           29    .text.HardFault_Handler  interrupts_hc32f002.o
    0x000001d2   0x000001d2   0x00000008   Code   RO           49    .text.I2C_IRQHandler  interrupts_hc32f002.o
    0x000001da   0x000001da   0x0000000c   Code   RO           53    .text.IWDT_WWDT_IRQHandler  interrupts_hc32f002.o
    0x000001e6   0x000001e6   0x00000008   Code   RO           43    .text.LPUART0_IRQHandler  interrupts_hc32f002.o
    0x000001ee   0x000001ee   0x00000008   Code   RO           45    .text.LPUART1_IRQHandler  interrupts_hc32f002.o
    0x000001f6   0x000001f6   0x00000008   Code   RO           57    .text.LVD_IRQHandler  interrupts_hc32f002.o
    0x000001fe   0x000001fe   0x00000008   Code   RO           33    .text.PORTA_IRQHandler  interrupts_hc32f002.o
    0x00000206   0x00000206   0x00000008   Code   RO           35    .text.PORTB_IRQHandler  interrupts_hc32f002.o
    0x0000020e   0x0000020e   0x00000008   Code   RO           37    .text.PORTC_IRQHandler  interrupts_hc32f002.o
    0x00000216   0x00000216   0x00000008   Code   RO           39    .text.PORTD_IRQHandler  interrupts_hc32f002.o
    0x0000021e   0x0000021e   0x00000008   Code   RO           47    .text.SPI_IRQHandler  interrupts_hc32f002.o
    0x00000226   0x00000226   0x00000002   PAD
    0x00000228   0x00000228   0x0000000c   Code   RO          112    .text.SYSCTRL_GetHCLK  sysctrl.o
    0x00000234   0x00000234   0x00000008   Code   RO           31    .text.SysTick_Handler  interrupts_hc32f002.o
    0x0000023c   0x0000023c   0x00000010   Code   RO           11    .text.SystemCoreClockUpdate  system_hc32f002.o
    0x0000024c   0x0000024c   0x0000004c   Code   RO           13    .text.SystemInit    system_hc32f002.o
    0x00000298   0x00000298   0x000000bc   Code   RO          106    .text._SystemCoreClockUpdate  sysctrl.o
    0x00000354   0x00000354   0x00000002   Code   RO           71    .text.main          main.o
    0x00000356   0x00000356   0x0000000e   Code   RO          176    i.__scatterload_copy  mc_p.l(handlers.o)
    0x00000364   0x00000364   0x00000002   Code   RO          177    i.__scatterload_null  mc_p.l(handlers.o)
    0x00000366   0x00000366   0x0000000e   Code   RO          178    i.__scatterload_zeroinit  mc_p.l(handlers.o)
    0x00000374   0x00000374   0x00000020   Data   RO          175    Region$$Table       anon$$obj.o


    Execution Region RW_IRAM1 (Exec base: 0x20000000, Load base: 0x00000398, Size: 0x00000208, Max: 0x00000800, ABSOLUTE)

    Exec Addr    Load Addr    Size         Type   Attr      Idx    E Section Name        Object

    0x20000000   0x00000398   0x00000004   Data   RW           17    .data.SystemCoreClock  system_hc32f002.o
    0x20000004   0x0000039c   0x00000004   Data   RW           18    .data.SystemHCLK    system_hc32f002.o
    0x20000008        -       0x00000200   Zero   RW            1    STACK               startup_hc32f002.o


==============================================================================

Image component sizes


      Code (inc. data)   RO Data    RW Data    ZI Data      Debug   Object Name

       160          0          0          0          0       4415   interrupts_hc32f002.o
         2          0          0          0          0        383   main.o
        60         22        192          0        512        628   startup_hc32f002.o
       200         68          0          0          0       9384   sysctrl.o
       106         20          0          8          0       4353   system_hc32f002.o

    ----------------------------------------------------------------------
       530        110        224          8        512      19163   Object Totals
         0          0         32          0          0          0   (incl. Generated)
         2          0          0          0          0          0   (incl. Padding)

    ----------------------------------------------------------------------

      Code (inc. data)   RO Data    RW Data    ZI Data      Debug   Library Member Name

         0          0          0          0          0          0   entry.o
         0          0          0          0          0          0   entry10a.o
         0          0          0          0          0          0   entry11a.o
         8          4          0          0          0          0   entry2.o
         4          0          0          0          0          0   entry5.o
         0          0          0          0          0          0   entry7b.o
         0          0          0          0          0          0   entry8b.o
         8          4          0          0          0          0   entry9a.o
        30          0          0          0          0          0   handlers.o
        48         10          0          0          0         68   init.o
        62          0          0          0          0         72   uidiv_div0.o

    ----------------------------------------------------------------------
       162         18          0          0          0        140   Library Totals
         2          0          0          0          0          0   (incl. Padding)

    ----------------------------------------------------------------------

      Code (inc. data)   RO Data    RW Data    ZI Data      Debug   Library Name

       160         18          0          0          0        140   mc_p.l

    ----------------------------------------------------------------------
       162         18          0          0          0        140   Library Totals

    ----------------------------------------------------------------------

==============================================================================


      Code (inc. data)   RO Data    RW Data    ZI Data      Debug   

       692        128        224          8        512      19395   Grand Totals
       692        128        224          8        512      19395   ELF Image Totals
       692        128        224          8          0          0   ROM Totals

==============================================================================

    Total RO  Size (Code + RO Data)                  916 (   0.89kB)
    Total RW  Size (RW Data + ZI Data)               520 (   0.51kB)
    Total ROM Size (Code + RO Data + RW Data)        924 (   0.90kB)

==============================================================================

