<html>
<body>
<pre>
<h1>µVision Build Log</h1>
<h2>Tool Versions:</h2>
IDE-Version: ¦ÌVision V5.33.0.0
Copyright (C) 2020 ARM Ltd and ARM Germany GmbH. All rights reserved.
License Information: has ss, cts, LIC=ATTQ1-CV4V5-568Q2-94P1G-Q66JL-YPQCI
 
Tool Versions:
Toolchain:       MDK-ARM Plus  Version: 5.33.0.0
Toolchain Path:  h:\Keil_v5\ARM\ARMCC\Bin
C Compiler:      Armcc.exe V5.06 update 7 (build 960)
Assembler:       Armasm.exe V5.06 update 7 (build 960)
Linker/Locator:  ArmLink.exe V5.06 update 7 (build 960)
Library Manager: ArmAr.exe V5.06 update 7 (build 960)
Hex Converter:   FromElf.exe V5.06 update 7 (build 960)
CPU DLL:         SARMCM3.DLL V5.33.0.0
Dialog DLL:      DARMCM1.DLL V1.19.4.0
Target DLL:      Segger\JL2CM3.dll V2.99.38.0
Dialog DLL:      TARMCM1.DLL V1.14.3.0
 
<h2>Project:</h2>
I:\cx\HC32\HC32L002\A13_rddk\HC32F002_DDL_Rev1.0.1\example\gpio\gpio_inout\MDK\gpio_inout.uvprojx
Project File Date:  11/15/2024

<h2>Output:</h2>
*** Using Compiler 'V5.06 update 7 (build 960)', folder: 'h:\Keil_v5\ARM\ARMCC\Bin'
Rebuild target 'gpio_inout_Release'
assembling startup_hc32f002.s...
compiling system_hc32f002.c...
compiling key.c...
compiling interrupts_hc32f002.c...
compiling ddl.c...
compiling main.c...
compiling xunSub.c...
compiling sysctrl.c...
compiling sys.c...
compiling led.c...
compiling RelayApp.c...
compiling flash.c...
compiling gpio.c...
compiling lpuart.c...
compiling adc.c...
compiling wwdt.c...
compiling atim3.c...
linking...
Program Size: Code=8616 RO-data=260 RW-data=104 ZI-data=688  
FromELF: creating hex file...
".\output\release\A13_yanshi.axf" - 0 Error(s), 0 Warning(s).

<h2>Software Packages used:</h2>

Package Vendor: ARM
                http://www.keil.com/pack/ARM.CMSIS.5.7.0.pack
                ARM.CMSIS.5.7.0
                CMSIS (Cortex Microcontroller Software Interface Standard)
   * Component: CORE Version: 5.4.0

Package Vendor: HDSC
                https://raw.githubusercontent.com/hdscmcu/pack/master/HDSC.HC32F002.1.0.0.pack
                HDSC.HC32F002.1.0.0
                HC32F002 ARM Cortex-M0+ Device Family Pack

<h2>Collection of Component include folders:</h2>
  .\RTE\_gpio_inout_Release
  h:\Users\Administrator\AppData\Local\Arm\Packs\ARM\CMSIS\5.7.0\CMSIS\Core\Include
  h:\Users\Administrator\AppData\Local\Arm\Packs\HDSC\HC32F002\1.0.0\Device\Include

<h2>Collection of Component Files used:</h2>

   * Component: ARM::CMSIS:CORE:5.4.0
Build Time Elapsed:  00:00:03
</pre>
</body>
</html>
