Component: ARM Compiler 5.06 update 7 (build 960) Tool: armlink [4d3601]

==============================================================================

Image Symbol Table

    Local Symbols

    Symbol Name                              Value     Ov Type        Size  Object(Section)

    RESET                                    0x00000000   Section      192  startup_hc32f002.o(RESET)
    ../clib/microlib/division.c              0x00000000   Number         0  uidiv.o ABSOLUTE
    ../clib/microlib/init/entry.s            0x00000000   Number         0  entry8b.o ABSOLUTE
    ../clib/microlib/init/entry.s            0x00000000   Number         0  entry2.o ABSOLUTE
    ../clib/microlib/init/entry.s            0x00000000   Number         0  entry5.o ABSOLUTE
    ../clib/microlib/init/entry.s            0x00000000   Number         0  entry7a.o ABSOLUTE
    ../clib/microlib/init/entry.s            0x00000000   Number         0  entry12b.o ABSOLUTE
    ../clib/microlib/init/entry.s            0x00000000   Number         0  entry7b.o ABSOLUTE
    ../clib/microlib/init/entry.s            0x00000000   Number         0  entry11a.o ABSOLUTE
    ../clib/microlib/init/entry.s            0x00000000   Number         0  entry9b.o ABSOLUTE
    ../clib/microlib/init/entry.s            0x00000000   Number         0  entry11b.o ABSOLUTE
    ../clib/microlib/init/entry.s            0x00000000   Number         0  entry12a.o ABSOLUTE
    ../clib/microlib/init/entry.s            0x00000000   Number         0  entry10a.o ABSOLUTE
    ../clib/microlib/init/entry.s            0x00000000   Number         0  entry8a.o ABSOLUTE
    ../clib/microlib/init/entry.s            0x00000000   Number         0  entry10b.o ABSOLUTE
    ../clib/microlib/init/entry.s            0x00000000   Number         0  entry9a.o ABSOLUTE
    ../clib/microlib/init/entry.s            0x00000000   Number         0  entry.o ABSOLUTE
    ../clib/microlib/longlong.c              0x00000000   Number         0  llushr.o ABSOLUTE
    ../clib/microlib/longlong.c              0x00000000   Number         0  llshl.o ABSOLUTE
    ../clib/microlib/string/memset.c         0x00000000   Number         0  memseta.o ABSOLUTE
    ../clib/microlib/stubs.s                 0x00000000   Number         0  iusefp.o ABSOLUTE
    ../fplib/microlib/fpadd.c                0x00000000   Number         0  fadd.o ABSOLUTE
    ../fplib/microlib/fpdiv.c                0x00000000   Number         0  fdiv.o ABSOLUTE
    ../fplib/microlib/fpepilogue.c           0x00000000   Number         0  depilogue.o ABSOLUTE
    ../fplib/microlib/fpepilogue.c           0x00000000   Number         0  fepilogue.o ABSOLUTE
    ../fplib/microlib/fpfix.c                0x00000000   Number         0  ffixui.o ABSOLUTE
    ../fplib/microlib/fpflt.c                0x00000000   Number         0  dfltui.o ABSOLUTE
    ../fplib/microlib/fpflt.c                0x00000000   Number         0  ffltui.o ABSOLUTE
    ../fplib/microlib/fpmul.c                0x00000000   Number         0  dmul.o ABSOLUTE
    ..\..\..\..\driver\src\adc.c             0x00000000   Number         0  adc.o ABSOLUTE
    ..\..\..\..\driver\src\atim3.c           0x00000000   Number         0  atim3.o ABSOLUTE
    ..\..\..\..\driver\src\ddl.c             0x00000000   Number         0  ddl.o ABSOLUTE
    ..\..\..\..\driver\src\flash.c           0x00000000   Number         0  flash.o ABSOLUTE
    ..\..\..\..\driver\src\gpio.c            0x00000000   Number         0  gpio.o ABSOLUTE
    ..\..\..\..\driver\src\lpuart.c          0x00000000   Number         0  lpuart.o ABSOLUTE
    ..\..\..\..\driver\src\sysctrl.c         0x00000000   Number         0  sysctrl.o ABSOLUTE
    ..\..\..\..\driver\src\wwdt.c            0x00000000   Number         0  wwdt.o ABSOLUTE
    ..\..\..\..\mcu\common\interrupts_hc32f002.c 0x00000000   Number         0  interrupts_hc32f002.o ABSOLUTE
    ..\..\..\..\mcu\common\system_hc32f002.c 0x00000000   Number         0  system_hc32f002.o ABSOLUTE
    ..\\..\\..\\..\\driver\\src\\adc.c       0x00000000   Number         0  adc.o ABSOLUTE
    ..\\..\\..\\..\\driver\\src\\atim3.c     0x00000000   Number         0  atim3.o ABSOLUTE
    ..\\..\\..\\..\\driver\\src\\ddl.c       0x00000000   Number         0  ddl.o ABSOLUTE
    ..\\..\\..\\..\\driver\\src\\flash.c     0x00000000   Number         0  flash.o ABSOLUTE
    ..\\..\\..\\..\\driver\\src\\gpio.c      0x00000000   Number         0  gpio.o ABSOLUTE
    ..\\..\\..\\..\\driver\\src\\lpuart.c    0x00000000   Number         0  lpuart.o ABSOLUTE
    ..\\..\\..\\..\\driver\\src\\sysctrl.c   0x00000000   Number         0  sysctrl.o ABSOLUTE
    ..\\..\\..\\..\\driver\\src\\wwdt.c      0x00000000   Number         0  wwdt.o ABSOLUTE
    ..\\..\\..\\..\\mcu\\common\\interrupts_hc32f002.c 0x00000000   Number         0  interrupts_hc32f002.o ABSOLUTE
    ..\\..\\..\\..\\mcu\\common\\system_hc32f002.c 0x00000000   Number         0  system_hc32f002.o ABSOLUTE
    ..\\source\\RelayApp.c                   0x00000000   Number         0  relayapp.o ABSOLUTE
    ..\\source\\key.c                        0x00000000   Number         0  key.o ABSOLUTE
    ..\\source\\led.c                        0x00000000   Number         0  led.o ABSOLUTE
    ..\\source\\main.c                       0x00000000   Number         0  main.o ABSOLUTE
    ..\\source\\sys.c                        0x00000000   Number         0  sys.o ABSOLUTE
    ..\\source\\xunSub.c                     0x00000000   Number         0  xunsub.o ABSOLUTE
    ..\source\RelayApp.c                     0x00000000   Number         0  relayapp.o ABSOLUTE
    ..\source\key.c                          0x00000000   Number         0  key.o ABSOLUTE
    ..\source\led.c                          0x00000000   Number         0  led.o ABSOLUTE
    ..\source\main.c                         0x00000000   Number         0  main.o ABSOLUTE
    ..\source\sys.c                          0x00000000   Number         0  sys.o ABSOLUTE
    ..\source\xunSub.c                       0x00000000   Number         0  xunsub.o ABSOLUTE
    cdcmple.s                                0x00000000   Number         0  cdcmple.o ABSOLUTE
    cdrcmple.s                               0x00000000   Number         0  cdrcmple.o ABSOLUTE
    dc.s                                     0x00000000   Number         0  dc.o ABSOLUTE
    handlers.s                               0x00000000   Number         0  handlers.o ABSOLUTE
    init.s                                   0x00000000   Number         0  init.o ABSOLUTE
    startup_hc32f002.s                       0x00000000   Number         0  startup_hc32f002.o ABSOLUTE
    .ARM.Collect$$$$00000000                 0x000000c0   Section        0  entry.o(.ARM.Collect$$$$00000000)
    .ARM.Collect$$$$00000001                 0x000000c0   Section        4  entry2.o(.ARM.Collect$$$$00000001)
    .ARM.Collect$$$$00000004                 0x000000c4   Section        4  entry5.o(.ARM.Collect$$$$00000004)
    .ARM.Collect$$$$00000008                 0x000000c8   Section        0  entry7b.o(.ARM.Collect$$$$00000008)
    .ARM.Collect$$$$0000000A                 0x000000c8   Section        0  entry8b.o(.ARM.Collect$$$$0000000A)
    .ARM.Collect$$$$0000000B                 0x000000c8   Section        8  entry9a.o(.ARM.Collect$$$$0000000B)
    .ARM.Collect$$$$0000000E                 0x000000d0   Section        4  entry12b.o(.ARM.Collect$$$$0000000E)
    .ARM.Collect$$$$0000000F                 0x000000d4   Section        0  entry10a.o(.ARM.Collect$$$$0000000F)
    .ARM.Collect$$$$00000011                 0x000000d4   Section        0  entry11a.o(.ARM.Collect$$$$00000011)
    .ARM.Collect$$$$00002712                 0x000000d4   Section        4  entry2.o(.ARM.Collect$$$$00002712)
    __lit__00000000                          0x000000d4   Data           4  entry2.o(.ARM.Collect$$$$00002712)
    .text                                    0x000000d8   Section       60  startup_hc32f002.o(.text)
    .text                                    0x00000114   Section        0  uidiv.o(.text)
    .text                                    0x00000140   Section        0  memseta.o(.text)
    .text                                    0x00000164   Section        0  fadd.o(.text)
    .text                                    0x00000216   Section        0  fdiv.o(.text)
    .text                                    0x00000294   Section        0  dmul.o(.text)
    .text                                    0x00000364   Section        0  ffltui.o(.text)
    .text                                    0x00000374   Section        0  dfltui.o(.text)
    .text                                    0x00000390   Section        0  ffixui.o(.text)
    .text                                    0x000003b8   Section       40  cdcmple.o(.text)
    .text                                    0x000003e0   Section       40  cdrcmple.o(.text)
    .text                                    0x00000408   Section        0  iusefp.o(.text)
    .text                                    0x00000408   Section        0  fepilogue.o(.text)
    .text                                    0x0000048a   Section        0  depilogue.o(.text)
    .text                                    0x00000548   Section       36  init.o(.text)
    .text                                    0x0000056c   Section        0  llshl.o(.text)
    .text                                    0x0000058c   Section        0  llushr.o(.text)
    i.$Sub$$main                             0x000005ae   Section        0  system_hc32f002.o(i.$Sub$$main)
    i.ADC_ClearFlag_EOC                      0x000005bc   Section        0  adc.o(i.ADC_ClearFlag_EOC)
    i.ADC_GetResult                          0x000005c8   Section        0  adc.o(i.ADC_GetResult)
    i.ADC_IRQHandler                         0x000005ce   Section        0  interrupts_hc32f002.o(i.ADC_IRQHandler)
    i.ADC_Init                               0x000005d8   Section        0  adc.o(i.ADC_Init)
    i.ADC_IsActiveFlag_EOC                   0x00000624   Section        0  adc.o(i.ADC_IsActiveFlag_EOC)
    i.ADC_StartSingleConversion              0x0000062e   Section        0  adc.o(i.ADC_StartSingleConversion)
    i.ATIM3_ClearIrqFlag                     0x0000063c   Section        0  atim3.o(i.ATIM3_ClearIrqFlag)
    i.ATIM3_GetIntFlag                       0x0000064c   Section        0  atim3.o(i.ATIM3_GetIntFlag)
    i.ATIM3_IRQHandler                       0x00000660   Section        0  interrupts_hc32f002.o(i.ATIM3_IRQHandler)
    i.ATIM3_Mode0_ARRSet                     0x00000668   Section        0  atim3.o(i.ATIM3_Mode0_ARRSet)
    i.ATIM3_Mode0_Cnt16Set                   0x00000674   Section        0  atim3.o(i.ATIM3_Mode0_Cnt16Set)
    i.ATIM3_Mode0_EnableIrq                  0x00000680   Section        0  atim3.o(i.ATIM3_Mode0_EnableIrq)
    i.ATIM3_Mode0_Init                       0x00000690   Section        0  atim3.o(i.ATIM3_Mode0_Init)
    i.ATIM3_Mode0_Run                        0x000006c0   Section        0  atim3.o(i.ATIM3_Mode0_Run)
    i.ATim3_IRQHandler                       0x000006d0   Section        0  sys.o(i.ATim3_IRQHandler)
    i.ATim3_init                             0x000006f8   Section        0  sys.o(i.ATim3_init)
    i.Adc_init                               0x0000070c   Section        0  sys.o(i.Adc_init)
    i.App_Atimer3_Cfg                        0x0000074c   Section        0  sys.o(i.App_Atimer3_Cfg)
    i.App_Clock_Cfg                          0x000007a8   Section        0  sys.o(i.App_Clock_Cfg)
    i.App_LpUartCfg                          0x000007ec   Section        0  sys.o(i.App_LpUartCfg)
    i.App_LpUartPortCfg                      0x00000830   Section        0  sys.o(i.App_LpUartPortCfg)
    i.App_WdtInit                            0x0000088c   Section        0  sys.o(i.App_WdtInit)
    i.BCC_CheckSum                           0x000008c4   Section        0  sys.o(i.BCC_CheckSum)
    i.BgBit_sub                              0x000008e4   Section        0  relayapp.o(i.BgBit_sub)
    i.BgShan_en                              0x00000ae8   Section        0  relayapp.o(i.BgShan_en)
    i.BgShan_sub                             0x00000af8   Section        0  relayapp.o(i.BgShan_sub)
    i.CTRIM_IRQHandler                       0x00000bdc   Section        0  interrupts_hc32f002.o(i.CTRIM_IRQHandler)
    i.Data_load20                            0x00000be4   Section        0  sys.o(i.Data_load20)
    i.Data_save20                            0x00000bf4   Section        0  sys.o(i.Data_save20)
    i.EnableNvic                             0x00000c04   Section        0  interrupts_hc32f002.o(i.EnableNvic)
    i.FLASH_FlashLockSet                     0x00000c84   Section        0  flash.o(i.FLASH_FlashLockSet)
    i.FLASH_IRQHandler                       0x00000ca0   Section        0  interrupts_hc32f002.o(i.FLASH_IRQHandler)
    i.FLASH_SectorErase                      0x00000ca8   Section        0  flash.o(i.FLASH_SectorErase)
    i.FLASH_WriteByte                        0x00000d34   Section        0  flash.o(i.FLASH_WriteByte)
    i.GPIO_Init                              0x00000dd4   Section        0  gpio.o(i.GPIO_Init)
    i.GTIM_BTIM3_4_5_IRQHandler              0x00000e8e   Section        0  interrupts_hc32f002.o(i.GTIM_BTIM3_4_5_IRQHandler)
    i.GetDataWork                            0x00000ea4   Section        0  relayapp.o(i.GetDataWork)
    i.GetKey_mode                            0x00001000   Section        0  key.o(i.GetKey_mode)
    i.Get_Mac                                0x00001090   Section        0  relayapp.o(i.Get_Mac)
    i.Get_set                                0x00001130   Section        0  led.o(i.Get_set)
    i.HardFault_Handler                      0x00001184   Section        0  interrupts_hc32f002.o(i.HardFault_Handler)
    i.I2C_IRQHandler                         0x00001190   Section        0  interrupts_hc32f002.o(i.I2C_IRQHandler)
    i.IWDT_WWDT_IRQHandler                   0x00001198   Section        0  interrupts_hc32f002.o(i.IWDT_WWDT_IRQHandler)
    i.LPUART0_IRQHandler                     0x000011a4   Section        0  interrupts_hc32f002.o(i.LPUART0_IRQHandler)
    i.LPUART1_IRQHandler                     0x000011ac   Section        0  interrupts_hc32f002.o(i.LPUART1_IRQHandler)
    i.LPUART1_init                           0x000011b4   Section        0  sys.o(i.LPUART1_init)
    i.LPUART_ClearIrq                        0x000011ec   Section        0  lpuart.o(i.LPUART_ClearIrq)
    i.LPUART_EnableIrq                       0x000011f4   Section        0  lpuart.o(i.LPUART_EnableIrq)
    i.LPUART_GetFlag                         0x000011fc   Section        0  lpuart.o(i.LPUART_GetFlag)
    i.LPUART_Init                            0x00001204   Section        0  lpuart.o(i.LPUART_Init)
    i.LPUART_ReceiveIT                       0x000012c0   Section        0  lpuart.o(i.LPUART_ReceiveIT)
    i.LPUART_Transmit                        0x000012c8   Section        0  lpuart.o(i.LPUART_Transmit)
    i.LVD_IRQHandler                         0x000012ee   Section        0  interrupts_hc32f002.o(i.LVD_IRQHandler)
    i.LpUart1_IRQHandler                     0x000012f8   Section        0  sys.o(i.LpUart1_IRQHandler)
    i.PORTA_IRQHandler                       0x00001358   Section        0  interrupts_hc32f002.o(i.PORTA_IRQHandler)
    i.PORTB_IRQHandler                       0x00001360   Section        0  interrupts_hc32f002.o(i.PORTB_IRQHandler)
    i.PORTC_IRQHandler                       0x00001368   Section        0  interrupts_hc32f002.o(i.PORTC_IRQHandler)
    i.PORTD_IRQHandler                       0x00001370   Section        0  interrupts_hc32f002.o(i.PORTD_IRQHandler)
    i.SPI_IRQHandler                         0x00001378   Section        0  interrupts_hc32f002.o(i.SPI_IRQHandler)
    i.SYSCTRL_GetHCLK                        0x00001380   Section        0  sysctrl.o(i.SYSCTRL_GetHCLK)
    i.SYSCTRL_GetPCLK                        0x00001390   Section        0  sysctrl.o(i.SYSCTRL_GetPCLK)
    i.SYSCTRL_PeriphClkEnable                0x000013b0   Section        0  sysctrl.o(i.SYSCTRL_PeriphClkEnable)
    i.SYSCTRL_SysClkInit                     0x000013d0   Section        0  sysctrl.o(i.SYSCTRL_SysClkInit)
    i.SYSCTRL_SysClkSrcInit                  0x00001490   Section        0  sysctrl.o(i.SYSCTRL_SysClkSrcInit)
    i.SysTick_Handler                        0x000014f0   Section        0  interrupts_hc32f002.o(i.SysTick_Handler)
    i.SystemCoreClockUpdate                  0x000014f8   Section        0  system_hc32f002.o(i.SystemCoreClockUpdate)
    i.SystemInit                             0x00001508   Section        0  system_hc32f002.o(i.SystemInit)
    i.Thread_Ms_sub                          0x0000154c   Section        0  main.o(i.Thread_Ms_sub)
    i.UART1_R_Interr                         0x00001564   Section        0  sys.o(i.UART1_R_Interr)
    i.UART1_ReadBoxSUB                       0x00001594   Section        0  sys.o(i.UART1_ReadBoxSUB)
    i.UART1_SendBox                          0x000015c4   Section        0  sys.o(i.UART1_SendBox)
    i.WWDT_Feed                              0x000015f0   Section        0  wwdt.o(i.WWDT_Feed)
    i.WWDT_Init                              0x00001600   Section        0  wwdt.o(i.WWDT_Init)
    i.WWDT_Start                             0x0000161c   Section        0  wwdt.o(i.WWDT_Start)
    i._FlashUnlock                           0x0000162c   Section        0  sysctrl.o(i._FlashUnlock)
    i._SysctrlUnlock                         0x00001644   Section        0  sysctrl.o(i._SysctrlUnlock)
    i._SystemCoreClockUpdate                 0x0000165c   Section        0  sysctrl.o(i._SystemCoreClockUpdate)
    i.__ARM_clz                              0x000016e8   Section        0  depilogue.o(i.__ARM_clz)
    i.__scatterload_copy                     0x00001716   Section       14  handlers.o(i.__scatterload_copy)
    i.__scatterload_null                     0x00001724   Section        2  handlers.o(i.__scatterload_null)
    i.__scatterload_zeroinit                 0x00001726   Section       14  handlers.o(i.__scatterload_zeroinit)
    i.bg595_shua                             0x00001734   Section        0  led.o(i.bg595_shua)
    i.bg_con                                 0x000018f4   Section        0  led.o(i.bg_con)
    i.bg_en                                  0x00001910   Section        0  led.o(i.bg_en)
    i.bg_led                                 0x0000191c   Section        0  led.o(i.bg_led)
    i.bg_re                                  0x00001970   Section        0  led.o(i.bg_re)
    i.calcrc_data                            0x000019d4   Section        0  sys.o(i.calcrc_data)
    i.delay10us                              0x000019f4   Section        0  ddl.o(i.delay10us)
    i.delay1ms                               0x00001a44   Section        0  ddl.o(i.delay1ms)
    i.delay_ms                               0x00001a90   Section        0  sys.o(i.delay_ms)
    i.delay_us                               0x00001aa4   Section        0  sys.o(i.delay_us)
    i.dk485_init                             0x00001ae4   Section        0  relayapp.o(i.dk485_init)
    i.flash_read                             0x00001af8   Section        0  sys.o(i.flash_read)
    i.flash_writ                             0x00001b0a   Section        0  sys.o(i.flash_writ)
    i.get_adc                                0x00001b2c   Section        0  sys.o(i.get_adc)
    i.h595d_write                            0x00001b54   Section        0  led.o(i.h595d_write)
    i.initRCU                                0x00001bd4   Section        0  main.o(i.initRCU)
    i.io_init                                0x00001c60   Section        0  sys.o(i.io_init)
    i.key_get                                0x00001cf0   Section        0  key.o(i.key_get)
    i.key_sendLin                            0x00001d48   Section        0  relayapp.o(i.key_sendLin)
    i.key_sle                                0x00001d7c   Section        0  relayapp.o(i.key_sle)
    i.key_sub                                0x00001e50   Section        0  key.o(i.key_sub)
    i.key_work                               0x00001e70   Section        0  key.o(i.key_work)
    i.ledB_set                               0x00001ee4   Section        0  led.o(i.ledB_set)
    i.led_set                                0x00001ef8   Section        0  led.o(i.led_set)
    i.main                                   0x00001f2c   Section        0  main.o(i.main)
    i.pw_work                                0x00001f3c   Section        0  led.o(i.pw_work)
    i.qingqiu_send                           0x00001f94   Section        0  relayapp.o(i.qingqiu_send)
    i.qingqiu_sub                            0x00001fbc   Section        0  relayapp.o(i.qingqiu_sub)
    i.ruo_yanshi                             0x00001fd8   Section        0  relayapp.o(i.ruo_yanshi)
    i.shou_send                              0x00002068   Section        0  relayapp.o(i.shou_send)
    i.shou_stopEN                            0x00002088   Section        0  led.o(i.shou_stopEN)
    i.shou_sub                               0x0000209c   Section        0  led.o(i.shou_sub)
    i.shou_work_sub                          0x000020c0   Section        0  led.o(i.shou_work_sub)
    i.wwFeed                                 0x00002114   Section        0  sys.o(i.wwFeed)
    i.xunSub_diao                            0x00002124   Section        0  xunsub.o(i.xunSub_diao)
    i.xunSub_timer                           0x000021b8   Section        0  xunsub.o(i.xunSub_timer)
    i.xybg_led                               0x00002210   Section        0  led.o(i.xybg_led)
    i.xybg_sub                               0x00002248   Section        0  led.o(i.xybg_sub)
    .constdata                               0x00002268   Section       36  sysctrl.o(.constdata)
    au32RCHFreqTable                         0x00002268   Data          36  sysctrl.o(.constdata)
    .data                                    0x20000000   Section        4  system_hc32f002.o(.data)
    .data                                    0x20000004   Section        4  system_hc32f002.o(.data)
    .data                                    0x20000008   Section        4  sys.o(.data)
    .data                                    0x2000000c   Section       62  led.o(.data)
    .data                                    0x2000004c   Section        8  key.o(.data)
    .data                                    0x20000054   Section        4  xunsub.o(.data)
    .data                                    0x20000058   Section       14  relayapp.o(.data)
    .bss                                     0x20000068   Section      132  sys.o(.bss)
    .bss                                     0x200000ec   Section       40  xunsub.o(.bss)
    STACK                                    0x20000118   Section      512  startup_hc32f002.o(STACK)

    Global Symbols

    Symbol Name                              Value     Ov Type        Size  Object(Section)

    BuildAttributes$$THM_ISAv3M$S$PE$A:L22$X:L11$S22$IEEE1$IW$USESV6$~STKCKD$USESV7$~SHL$OTIME$ROPI$EBA8$MICROLIB$REQ8$PRES8$EABIv2 0x00000000   Number         0  anon$$obj.o ABSOLUTE
    __ARM_use_no_argv                        0x00000000   Number         0  main.o ABSOLUTE
    __Vectors                                0x00000000   Data           0  startup_hc32f002.o(RESET)
    Adc_IRQHandler                            - Undefined Weak Reference
    BTim3_IRQHandler                          - Undefined Weak Reference
    BTim4_IRQHandler                          - Undefined Weak Reference
    BTim5_IRQHandler                          - Undefined Weak Reference
    Ctrim_IRQHandler                          - Undefined Weak Reference
    Flash_IRQHandler                          - Undefined Weak Reference
    GTim_IRQHandler                           - Undefined Weak Reference
    I2c_IRQHandler                            - Undefined Weak Reference
    Iwdt_IRQHandler                           - Undefined Weak Reference
    LpUart0_IRQHandler                        - Undefined Weak Reference
    Lvd_IRQHandler                            - Undefined Weak Reference
    PortA_IRQHandler                          - Undefined Weak Reference
    PortB_IRQHandler                          - Undefined Weak Reference
    PortC_IRQHandler                          - Undefined Weak Reference
    PortD_IRQHandler                          - Undefined Weak Reference
    Spi_IRQHandler                            - Undefined Weak Reference
    SysTick_IRQHandler                        - Undefined Weak Reference
    Wwdt_IRQHandler                           - Undefined Weak Reference
    __arm_fini_                               - Undefined Weak Reference
    __cpp_initialize__aeabi_                  - Undefined Weak Reference
    __cxa_finalize                            - Undefined Weak Reference
    __decompress                              - Undefined Weak Reference
    _clock_init                               - Undefined Weak Reference
    _microlib_exit                            - Undefined Weak Reference
    __Vectors_End                            0x000000c0   Data           0  startup_hc32f002.o(RESET)
    __Vectors_Size                           0x000000c0   Number         0  startup_hc32f002.o ABSOLUTE
    __main                                   0x000000c1   Thumb Code     0  entry.o(.ARM.Collect$$$$00000000)
    _main_stk                                0x000000c1   Thumb Code     0  entry2.o(.ARM.Collect$$$$00000001)
    _main_scatterload                        0x000000c5   Thumb Code     0  entry5.o(.ARM.Collect$$$$00000004)
    __main_after_scatterload                 0x000000c9   Thumb Code     0  entry5.o(.ARM.Collect$$$$00000004)
    _main_clock                              0x000000c9   Thumb Code     0  entry7b.o(.ARM.Collect$$$$00000008)
    _main_cpp_init                           0x000000c9   Thumb Code     0  entry8b.o(.ARM.Collect$$$$0000000A)
    _main_init                               0x000000c9   Thumb Code     0  entry9a.o(.ARM.Collect$$$$0000000B)
    __rt_lib_shutdown_fini                   0x000000d1   Thumb Code     0  entry12b.o(.ARM.Collect$$$$0000000E)
    __rt_final_cpp                           0x000000d5   Thumb Code     0  entry10a.o(.ARM.Collect$$$$0000000F)
    __rt_final_exit                          0x000000d5   Thumb Code     0  entry11a.o(.ARM.Collect$$$$00000011)
    Reset_Handler                            0x000000d9   Thumb Code    26  startup_hc32f002.o(.text)
    NMI_Handler                              0x000000f3   Thumb Code     2  startup_hc32f002.o(.text)
    SVC_Handler                              0x000000f7   Thumb Code     2  startup_hc32f002.o(.text)
    PendSV_Handler                           0x000000f9   Thumb Code     2  startup_hc32f002.o(.text)
    Dummy_IRQHandler                         0x000000fd   Thumb Code     0  startup_hc32f002.o(.text)
    __aeabi_uidiv                            0x00000115   Thumb Code     0  uidiv.o(.text)
    __aeabi_uidivmod                         0x00000115   Thumb Code    44  uidiv.o(.text)
    __aeabi_memset                           0x00000141   Thumb Code    14  memseta.o(.text)
    __aeabi_memset4                          0x00000141   Thumb Code     0  memseta.o(.text)
    __aeabi_memset8                          0x00000141   Thumb Code     0  memseta.o(.text)
    __aeabi_memclr                           0x0000014f   Thumb Code     4  memseta.o(.text)
    __aeabi_memclr4                          0x0000014f   Thumb Code     0  memseta.o(.text)
    __aeabi_memclr8                          0x0000014f   Thumb Code     0  memseta.o(.text)
    _memset$wrapper                          0x00000153   Thumb Code    18  memseta.o(.text)
    __aeabi_fadd                             0x00000165   Thumb Code   162  fadd.o(.text)
    __aeabi_fsub                             0x00000207   Thumb Code     8  fadd.o(.text)
    __aeabi_frsub                            0x0000020f   Thumb Code     8  fadd.o(.text)
    __aeabi_fdiv                             0x00000217   Thumb Code   124  fdiv.o(.text)
    __aeabi_dmul                             0x00000295   Thumb Code   202  dmul.o(.text)
    __aeabi_ui2f                             0x00000365   Thumb Code    14  ffltui.o(.text)
    __aeabi_ui2d                             0x00000375   Thumb Code    24  dfltui.o(.text)
    __aeabi_f2uiz                            0x00000391   Thumb Code    40  ffixui.o(.text)
    __aeabi_cdcmpeq                          0x000003b9   Thumb Code     0  cdcmple.o(.text)
    __aeabi_cdcmple                          0x000003b9   Thumb Code    38  cdcmple.o(.text)
    __aeabi_cdrcmple                         0x000003e1   Thumb Code    38  cdrcmple.o(.text)
    __I$use$fp                               0x00000409   Thumb Code     0  iusefp.o(.text)
    _float_round                             0x00000409   Thumb Code    16  fepilogue.o(.text)
    _float_epilogue                          0x00000419   Thumb Code   114  fepilogue.o(.text)
    _double_round                            0x0000048b   Thumb Code    26  depilogue.o(.text)
    _double_epilogue                         0x000004a5   Thumb Code   164  depilogue.o(.text)
    __scatterload                            0x00000549   Thumb Code    28  init.o(.text)
    __scatterload_rt2                        0x00000549   Thumb Code     0  init.o(.text)
    __aeabi_llsl                             0x0000056d   Thumb Code    32  llshl.o(.text)
    _ll_shift_l                              0x0000056d   Thumb Code     0  llshl.o(.text)
    __aeabi_llsr                             0x0000058d   Thumb Code    34  llushr.o(.text)
    _ll_ushift_r                             0x0000058d   Thumb Code     0  llushr.o(.text)
    main                                     0x000005af   Thumb Code    14  system_hc32f002.o(i.$Sub$$main)
    ADC_ClearFlag_EOC                        0x000005bd   Thumb Code    12  adc.o(i.ADC_ClearFlag_EOC)
    ADC_GetResult                            0x000005c9   Thumb Code     6  adc.o(i.ADC_GetResult)
    ADC_IRQHandler                           0x000005cf   Thumb Code     8  interrupts_hc32f002.o(i.ADC_IRQHandler)
    ADC_Init                                 0x000005d9   Thumb Code    70  adc.o(i.ADC_Init)
    ADC_IsActiveFlag_EOC                     0x00000625   Thumb Code    10  adc.o(i.ADC_IsActiveFlag_EOC)
    ADC_StartSingleConversion                0x0000062f   Thumb Code    12  adc.o(i.ADC_StartSingleConversion)
    ATIM3_ClearIrqFlag                       0x0000063d   Thumb Code    10  atim3.o(i.ATIM3_ClearIrqFlag)
    ATIM3_GetIntFlag                         0x0000064d   Thumb Code    16  atim3.o(i.ATIM3_GetIntFlag)
    ATIM3_IRQHandler                         0x00000661   Thumb Code     8  interrupts_hc32f002.o(i.ATIM3_IRQHandler)
    ATIM3_Mode0_ARRSet                       0x00000669   Thumb Code     8  atim3.o(i.ATIM3_Mode0_ARRSet)
    ATIM3_Mode0_Cnt16Set                     0x00000675   Thumb Code     8  atim3.o(i.ATIM3_Mode0_Cnt16Set)
    ATIM3_Mode0_EnableIrq                    0x00000681   Thumb Code    12  atim3.o(i.ATIM3_Mode0_EnableIrq)
    ATIM3_Mode0_Init                         0x00000691   Thumb Code    38  atim3.o(i.ATIM3_Mode0_Init)
    ATIM3_Mode0_Run                          0x000006c1   Thumb Code    12  atim3.o(i.ATIM3_Mode0_Run)
    ATim3_IRQHandler                         0x000006d1   Thumb Code    34  sys.o(i.ATim3_IRQHandler)
    ATim3_init                               0x000006f9   Thumb Code    18  sys.o(i.ATim3_init)
    Adc_init                                 0x0000070d   Thumb Code    60  sys.o(i.Adc_init)
    App_Atimer3_Cfg                          0x0000074d   Thumb Code    90  sys.o(i.App_Atimer3_Cfg)
    App_Clock_Cfg                            0x000007a9   Thumb Code    62  sys.o(i.App_Clock_Cfg)
    App_LpUartCfg                            0x000007ed   Thumb Code    62  sys.o(i.App_LpUartCfg)
    App_LpUartPortCfg                        0x00000831   Thumb Code    82  sys.o(i.App_LpUartPortCfg)
    App_WdtInit                              0x0000088d   Thumb Code    48  sys.o(i.App_WdtInit)
    BCC_CheckSum                             0x000008c5   Thumb Code    32  sys.o(i.BCC_CheckSum)
    BgBit_sub                                0x000008e5   Thumb Code   506  relayapp.o(i.BgBit_sub)
    BgShan_en                                0x00000ae9   Thumb Code    12  relayapp.o(i.BgShan_en)
    BgShan_sub                               0x00000af9   Thumb Code   222  relayapp.o(i.BgShan_sub)
    CTRIM_IRQHandler                         0x00000bdd   Thumb Code     8  interrupts_hc32f002.o(i.CTRIM_IRQHandler)
    Data_load20                              0x00000be5   Thumb Code    16  sys.o(i.Data_load20)
    Data_save20                              0x00000bf5   Thumb Code    16  sys.o(i.Data_save20)
    EnableNvic                               0x00000c05   Thumb Code   110  interrupts_hc32f002.o(i.EnableNvic)
    FLASH_FlashLockSet                       0x00000c85   Thumb Code    14  flash.o(i.FLASH_FlashLockSet)
    FLASH_IRQHandler                         0x00000ca1   Thumb Code     8  interrupts_hc32f002.o(i.FLASH_IRQHandler)
    FLASH_SectorErase                        0x00000ca9   Thumb Code   122  flash.o(i.FLASH_SectorErase)
    FLASH_WriteByte                          0x00000d35   Thumb Code   142  flash.o(i.FLASH_WriteByte)
    GPIO_Init                                0x00000dd5   Thumb Code   186  gpio.o(i.GPIO_Init)
    GTIM_BTIM3_4_5_IRQHandler                0x00000e8f   Thumb Code    20  interrupts_hc32f002.o(i.GTIM_BTIM3_4_5_IRQHandler)
    GetDataWork                              0x00000ea5   Thumb Code   340  relayapp.o(i.GetDataWork)
    GetKey_mode                              0x00001001   Thumb Code   130  key.o(i.GetKey_mode)
    Get_Mac                                  0x00001091   Thumb Code   156  relayapp.o(i.Get_Mac)
    Get_set                                  0x00001131   Thumb Code    72  led.o(i.Get_set)
    HardFault_Handler                        0x00001185   Thumb Code    12  interrupts_hc32f002.o(i.HardFault_Handler)
    I2C_IRQHandler                           0x00001191   Thumb Code     8  interrupts_hc32f002.o(i.I2C_IRQHandler)
    IWDT_WWDT_IRQHandler                     0x00001199   Thumb Code    12  interrupts_hc32f002.o(i.IWDT_WWDT_IRQHandler)
    LPUART0_IRQHandler                       0x000011a5   Thumb Code     8  interrupts_hc32f002.o(i.LPUART0_IRQHandler)
    LPUART1_IRQHandler                       0x000011ad   Thumb Code     8  interrupts_hc32f002.o(i.LPUART1_IRQHandler)
    LPUART1_init                             0x000011b5   Thumb Code    46  sys.o(i.LPUART1_init)
    LPUART_ClearIrq                          0x000011ed   Thumb Code     8  lpuart.o(i.LPUART_ClearIrq)
    LPUART_EnableIrq                         0x000011f5   Thumb Code     8  lpuart.o(i.LPUART_EnableIrq)
    LPUART_GetFlag                           0x000011fd   Thumb Code     6  lpuart.o(i.LPUART_GetFlag)
    LPUART_Init                              0x00001205   Thumb Code   170  lpuart.o(i.LPUART_Init)
    LPUART_ReceiveIT                         0x000012c1   Thumb Code     8  lpuart.o(i.LPUART_ReceiveIT)
    LPUART_Transmit                          0x000012c9   Thumb Code    38  lpuart.o(i.LPUART_Transmit)
    LVD_IRQHandler                           0x000012ef   Thumb Code     8  interrupts_hc32f002.o(i.LVD_IRQHandler)
    LpUart1_IRQHandler                       0x000012f9   Thumb Code    86  sys.o(i.LpUart1_IRQHandler)
    PORTA_IRQHandler                         0x00001359   Thumb Code     8  interrupts_hc32f002.o(i.PORTA_IRQHandler)
    PORTB_IRQHandler                         0x00001361   Thumb Code     8  interrupts_hc32f002.o(i.PORTB_IRQHandler)
    PORTC_IRQHandler                         0x00001369   Thumb Code     8  interrupts_hc32f002.o(i.PORTC_IRQHandler)
    PORTD_IRQHandler                         0x00001371   Thumb Code     8  interrupts_hc32f002.o(i.PORTD_IRQHandler)
    SPI_IRQHandler                           0x00001379   Thumb Code     8  interrupts_hc32f002.o(i.SPI_IRQHandler)
    SYSCTRL_GetHCLK                          0x00001381   Thumb Code    12  sysctrl.o(i.SYSCTRL_GetHCLK)
    SYSCTRL_GetPCLK                          0x00001391   Thumb Code    22  sysctrl.o(i.SYSCTRL_GetPCLK)
    SYSCTRL_PeriphClkEnable                  0x000013b1   Thumb Code    26  sysctrl.o(i.SYSCTRL_PeriphClkEnable)
    SYSCTRL_SysClkInit                       0x000013d1   Thumb Code   174  sysctrl.o(i.SYSCTRL_SysClkInit)
    SYSCTRL_SysClkSrcInit                    0x00001491   Thumb Code    88  sysctrl.o(i.SYSCTRL_SysClkSrcInit)
    SysTick_Handler                          0x000014f1   Thumb Code     8  interrupts_hc32f002.o(i.SysTick_Handler)
    SystemCoreClockUpdate                    0x000014f9   Thumb Code    12  system_hc32f002.o(i.SystemCoreClockUpdate)
    SystemInit                               0x00001509   Thumb Code    60  system_hc32f002.o(i.SystemInit)
    Thread_Ms_sub                            0x0000154d   Thumb Code    20  main.o(i.Thread_Ms_sub)
    UART1_R_Interr                           0x00001565   Thumb Code    40  sys.o(i.UART1_R_Interr)
    UART1_ReadBoxSUB                         0x00001595   Thumb Code    38  sys.o(i.UART1_ReadBoxSUB)
    UART1_SendBox                            0x000015c5   Thumb Code    32  sys.o(i.UART1_SendBox)
    WWDT_Feed                                0x000015f1   Thumb Code    10  wwdt.o(i.WWDT_Feed)
    WWDT_Init                                0x00001601   Thumb Code    22  wwdt.o(i.WWDT_Init)
    WWDT_Start                               0x0000161d   Thumb Code    12  wwdt.o(i.WWDT_Start)
    _FlashUnlock                             0x0000162d   Thumb Code    12  sysctrl.o(i._FlashUnlock)
    _SysctrlUnlock                           0x00001645   Thumb Code    12  sysctrl.o(i._SysctrlUnlock)
    _SystemCoreClockUpdate                   0x0000165d   Thumb Code   112  sysctrl.o(i._SystemCoreClockUpdate)
    __ARM_clz                                0x000016e9   Thumb Code    46  depilogue.o(i.__ARM_clz)
    __scatterload_copy                       0x00001717   Thumb Code    14  handlers.o(i.__scatterload_copy)
    __scatterload_null                       0x00001725   Thumb Code     2  handlers.o(i.__scatterload_null)
    __scatterload_zeroinit                   0x00001727   Thumb Code    14  handlers.o(i.__scatterload_zeroinit)
    bg595_shua                               0x00001735   Thumb Code   434  led.o(i.bg595_shua)
    bg_con                                   0x000018f5   Thumb Code    24  led.o(i.bg_con)
    bg_en                                    0x00001911   Thumb Code    12  led.o(i.bg_en)
    bg_led                                   0x0000191d   Thumb Code    74  led.o(i.bg_led)
    bg_re                                    0x00001971   Thumb Code    94  led.o(i.bg_re)
    calcrc_data                              0x000019d5   Thumb Code    32  sys.o(i.calcrc_data)
    delay10us                                0x000019f5   Thumb Code    62  ddl.o(i.delay10us)
    delay1ms                                 0x00001a45   Thumb Code    64  ddl.o(i.delay1ms)
    delay_ms                                 0x00001a91   Thumb Code    20  sys.o(i.delay_ms)
    delay_us                                 0x00001aa5   Thumb Code    64  sys.o(i.delay_us)
    dk485_init                               0x00001ae5   Thumb Code    14  relayapp.o(i.dk485_init)
    flash_read                               0x00001af9   Thumb Code    18  sys.o(i.flash_read)
    flash_writ                               0x00001b0b   Thumb Code    34  sys.o(i.flash_writ)
    get_adc                                  0x00001b2d   Thumb Code    34  sys.o(i.get_adc)
    h595d_write                              0x00001b55   Thumb Code   116  led.o(i.h595d_write)
    initRCU                                  0x00001bd5   Thumb Code   136  main.o(i.initRCU)
    io_init                                  0x00001c61   Thumb Code   122  sys.o(i.io_init)
    key_get                                  0x00001cf1   Thumb Code    82  key.o(i.key_get)
    key_sendLin                              0x00001d49   Thumb Code    48  relayapp.o(i.key_sendLin)
    key_sle                                  0x00001d7d   Thumb Code   206  relayapp.o(i.key_sle)
    key_sub                                  0x00001e51   Thumb Code    26  key.o(i.key_sub)
    key_work                                 0x00001e71   Thumb Code   112  key.o(i.key_work)
    ledB_set                                 0x00001ee5   Thumb Code    14  led.o(i.ledB_set)
    led_set                                  0x00001ef9   Thumb Code    48  led.o(i.led_set)
    $Super$$main                             0x00001f2d   Thumb Code    14  main.o(i.main)
    pw_work                                  0x00001f3d   Thumb Code    80  led.o(i.pw_work)
    qingqiu_send                             0x00001f95   Thumb Code    36  relayapp.o(i.qingqiu_send)
    qingqiu_sub                              0x00001fbd   Thumb Code    22  relayapp.o(i.qingqiu_sub)
    ruo_yanshi                               0x00001fd9   Thumb Code   132  relayapp.o(i.ruo_yanshi)
    shou_send                                0x00002069   Thumb Code    32  relayapp.o(i.shou_send)
    shou_stopEN                              0x00002089   Thumb Code    12  led.o(i.shou_stopEN)
    shou_sub                                 0x0000209d   Thumb Code    26  led.o(i.shou_sub)
    shou_work_sub                            0x000020c1   Thumb Code    70  led.o(i.shou_work_sub)
    wwFeed                                   0x00002115   Thumb Code    12  sys.o(i.wwFeed)
    xunSub_diao                              0x00002125   Thumb Code   138  xunsub.o(i.xunSub_diao)
    xunSub_timer                             0x000021b9   Thumb Code    80  xunsub.o(i.xunSub_timer)
    xybg_led                                 0x00002211   Thumb Code    46  led.o(i.xybg_led)
    xybg_sub                                 0x00002249   Thumb Code    22  led.o(i.xybg_sub)
    Region$$Table$$Base                      0x0000228c   Number         0  anon$$obj.o(Region$$Table)
    Region$$Table$$Limit                     0x000022ac   Number         0  anon$$obj.o(Region$$Table)
    SystemCoreClock                          0x20000000   Data           4  system_hc32f002.o(.data)
    SystemHCLK                               0x20000004   Data           4  system_hc32f002.o(.data)
    BufRead_JiShi                            0x20000008   Data           1  sys.o(.data)
    rxbuf                                    0x20000009   Data           1  sys.o(.data)
    mm                                       0x2000000a   Data           2  sys.o(.data)
    tg_ji                                    0x2000000c   Data           1  led.o(.data)
    slj                                      0x2000000d   Data           1  led.o(.data)
    shou_ji                                  0x2000000e   Data           1  led.o(.data)
    exter_num                                0x2000000f   Data           1  led.o(.data)
    ex                                       0x20000010   Data           1  led.o(.data)
    ex_f                                     0x20000011   Data           1  led.o(.data)
    h595_buf                                 0x20000012   Data           2  led.o(.data)
    bg_delay                                 0x20000014   Data           4  led.o(.data)
    xybg_num                                 0x20000018   Data           4  led.o(.data)
    pw_bfb                                   0x2000001c   Data           7  led.o(.data)
    pw_jishu                                 0x20000023   Data           7  led.o(.data)
    LedSX_tab                                0x2000002a   Data          16  led.o(.data)
    LedBF_tab                                0x2000003a   Data          16  led.o(.data)
    key_reg                                  0x2000004c   Data           1  key.o(.data)
    key_reg_out                              0x2000004d   Data           1  key.o(.data)
    opare_flag                               0x2000004e   Data           1  key.o(.data)
    key_count                                0x20000050   Data           4  key.o(.data)
    xunSub_num                               0x20000054   Data           4  xunsub.o(.data)
    Shan_flag                                0x20000058   Data           1  relayapp.o(.data)
    qingqiu_set                              0x20000059   Data           1  relayapp.o(.data)
    qingqiu_num                              0x2000005a   Data           1  relayapp.o(.data)
    ky                                       0x2000005b   Data           1  relayapp.o(.data)
    shan_num                                 0x2000005c   Data           4  relayapp.o(.data)
    rr                                       0x20000060   Data           6  relayapp.o(.data)
    gstcWwdtInit                             0x20000068   Data          16  sys.o(.bss)
    MCU_flag                                 0x20000078   Data         116  sys.o(.bss)
    xunSub_jishi                             0x200000ec   Data          40  xunsub.o(.bss)
    __initial_sp                             0x20000318   Data           0  startup_hc32f002.o(STACK)



==============================================================================

Memory Map of the image

  Image Entry point : 0x000000c1

  Load Region LR_IROM1 (Base: 0x00000000, Size: 0x00002314, Max: 0x00004800, ABSOLUTE)

    Execution Region ER_IROM1 (Exec base: 0x00000000, Load base: 0x00000000, Size: 0x000022ac, Max: 0x00004800, ABSOLUTE)

    Exec Addr    Load Addr    Size         Type   Attr      Idx    E Section Name        Object

    0x00000000   0x00000000   0x000000c0   Data   RO            3    RESET               startup_hc32f002.o
    0x000000c0   0x000000c0   0x00000000   Code   RO         1881  * .ARM.Collect$$$$00000000  mc_p.l(entry.o)
    0x000000c0   0x000000c0   0x00000004   Code   RO         1904    .ARM.Collect$$$$00000001  mc_p.l(entry2.o)
    0x000000c4   0x000000c4   0x00000004   Code   RO         1907    .ARM.Collect$$$$00000004  mc_p.l(entry5.o)
    0x000000c8   0x000000c8   0x00000000   Code   RO         1909    .ARM.Collect$$$$00000008  mc_p.l(entry7b.o)
    0x000000c8   0x000000c8   0x00000000   Code   RO         1911    .ARM.Collect$$$$0000000A  mc_p.l(entry8b.o)
    0x000000c8   0x000000c8   0x00000008   Code   RO         1912    .ARM.Collect$$$$0000000B  mc_p.l(entry9a.o)
    0x000000d0   0x000000d0   0x00000004   Code   RO         1919    .ARM.Collect$$$$0000000E  mc_p.l(entry12b.o)
    0x000000d4   0x000000d4   0x00000000   Code   RO         1914    .ARM.Collect$$$$0000000F  mc_p.l(entry10a.o)
    0x000000d4   0x000000d4   0x00000000   Code   RO         1916    .ARM.Collect$$$$00000011  mc_p.l(entry11a.o)
    0x000000d4   0x000000d4   0x00000004   Code   RO         1905    .ARM.Collect$$$$00002712  mc_p.l(entry2.o)
    0x000000d8   0x000000d8   0x0000003c   Code   RO            4    .text               startup_hc32f002.o
    0x00000114   0x00000114   0x0000002c   Code   RO         1884    .text               mc_p.l(uidiv.o)
    0x00000140   0x00000140   0x00000024   Code   RO         1886    .text               mc_p.l(memseta.o)
    0x00000164   0x00000164   0x000000b2   Code   RO         1888    .text               mf_p.l(fadd.o)
    0x00000216   0x00000216   0x0000007c   Code   RO         1890    .text               mf_p.l(fdiv.o)
    0x00000292   0x00000292   0x00000002   PAD
    0x00000294   0x00000294   0x000000d0   Code   RO         1892    .text               mf_p.l(dmul.o)
    0x00000364   0x00000364   0x0000000e   Code   RO         1894    .text               mf_p.l(ffltui.o)
    0x00000372   0x00000372   0x00000002   PAD
    0x00000374   0x00000374   0x0000001c   Code   RO         1896    .text               mf_p.l(dfltui.o)
    0x00000390   0x00000390   0x00000028   Code   RO         1898    .text               mf_p.l(ffixui.o)
    0x000003b8   0x000003b8   0x00000028   Code   RO         1900    .text               mf_p.l(cdcmple.o)
    0x000003e0   0x000003e0   0x00000028   Code   RO         1902    .text               mf_p.l(cdrcmple.o)
    0x00000408   0x00000408   0x00000000   Code   RO         1920    .text               mc_p.l(iusefp.o)
    0x00000408   0x00000408   0x00000082   Code   RO         1921    .text               mf_p.l(fepilogue.o)
    0x0000048a   0x0000048a   0x000000be   Code   RO         1923    .text               mf_p.l(depilogue.o)
    0x00000548   0x00000548   0x00000024   Code   RO         1927    .text               mc_p.l(init.o)
    0x0000056c   0x0000056c   0x00000020   Code   RO         1929    .text               mc_p.l(llshl.o)
    0x0000058c   0x0000058c   0x00000022   Code   RO         1931    .text               mc_p.l(llushr.o)
    0x000005ae   0x000005ae   0x0000000e   Code   RO           12    i.$Sub$$main        system_hc32f002.o
    0x000005bc   0x000005bc   0x0000000c   Code   RO         1731    i.ADC_ClearFlag_EOC  adc.o
    0x000005c8   0x000005c8   0x00000006   Code   RO         1740    i.ADC_GetResult     adc.o
    0x000005ce   0x000005ce   0x00000008   Code   RO          102    i.ADC_IRQHandler    interrupts_hc32f002.o
    0x000005d6   0x000005d6   0x00000002   PAD
    0x000005d8   0x000005d8   0x0000004c   Code   RO         1742    i.ADC_Init          adc.o
    0x00000624   0x00000624   0x0000000a   Code   RO         1743    i.ADC_IsActiveFlag_EOC  adc.o
    0x0000062e   0x0000062e   0x0000000c   Code   RO         1752    i.ADC_StartSingleConversion  adc.o
    0x0000063a   0x0000063a   0x00000002   PAD
    0x0000063c   0x0000063c   0x00000010   Code   RO         1016    i.ATIM3_ClearIrqFlag  atim3.o
    0x0000064c   0x0000064c   0x00000014   Code   RO         1017    i.ATIM3_GetIntFlag  atim3.o
    0x00000660   0x00000660   0x00000008   Code   RO          103    i.ATIM3_IRQHandler  interrupts_hc32f002.o
    0x00000668   0x00000668   0x0000000c   Code   RO         1019    i.ATIM3_Mode0_ARRSet  atim3.o
    0x00000674   0x00000674   0x0000000c   Code   RO         1021    i.ATIM3_Mode0_Cnt16Set  atim3.o
    0x00000680   0x00000680   0x00000010   Code   RO         1025    i.ATIM3_Mode0_EnableIrq  atim3.o
    0x00000690   0x00000690   0x00000030   Code   RO         1028    i.ATIM3_Mode0_Init  atim3.o
    0x000006c0   0x000006c0   0x00000010   Code   RO         1029    i.ATIM3_Mode0_Run   atim3.o
    0x000006d0   0x000006d0   0x00000028   Code   RO          296    i.ATim3_IRQHandler  sys.o
    0x000006f8   0x000006f8   0x00000012   Code   RO          297    i.ATim3_init        sys.o
    0x0000070a   0x0000070a   0x00000002   PAD
    0x0000070c   0x0000070c   0x00000040   Code   RO          298    i.Adc_init          sys.o
    0x0000074c   0x0000074c   0x0000005a   Code   RO          299    i.App_Atimer3_Cfg   sys.o
    0x000007a6   0x000007a6   0x00000002   PAD
    0x000007a8   0x000007a8   0x00000044   Code   RO          300    i.App_Clock_Cfg     sys.o
    0x000007ec   0x000007ec   0x00000044   Code   RO          301    i.App_LpUartCfg     sys.o
    0x00000830   0x00000830   0x0000005c   Code   RO          302    i.App_LpUartPortCfg  sys.o
    0x0000088c   0x0000088c   0x00000038   Code   RO          303    i.App_WdtInit       sys.o
    0x000008c4   0x000008c4   0x00000020   Code   RO          304    i.BCC_CheckSum      sys.o
    0x000008e4   0x000008e4   0x00000204   Code   RO          708    i.BgBit_sub         relayapp.o
    0x00000ae8   0x00000ae8   0x00000010   Code   RO          709    i.BgShan_en         relayapp.o
    0x00000af8   0x00000af8   0x000000e4   Code   RO          710    i.BgShan_sub        relayapp.o
    0x00000bdc   0x00000bdc   0x00000008   Code   RO          104    i.CTRIM_IRQHandler  interrupts_hc32f002.o
    0x00000be4   0x00000be4   0x00000010   Code   RO          305    i.Data_load20       sys.o
    0x00000bf4   0x00000bf4   0x00000010   Code   RO          306    i.Data_save20       sys.o
    0x00000c04   0x00000c04   0x00000080   Code   RO          105    i.EnableNvic        interrupts_hc32f002.o
    0x00000c84   0x00000c84   0x0000001c   Code   RO         1482    i.FLASH_FlashLockSet  flash.o
    0x00000ca0   0x00000ca0   0x00000008   Code   RO          106    i.FLASH_IRQHandler  interrupts_hc32f002.o
    0x00000ca8   0x00000ca8   0x0000008c   Code   RO         1483    i.FLASH_SectorErase  flash.o
    0x00000d34   0x00000d34   0x000000a0   Code   RO         1485    i.FLASH_WriteByte   flash.o
    0x00000dd4   0x00000dd4   0x000000ba   Code   RO          985    i.GPIO_Init         gpio.o
    0x00000e8e   0x00000e8e   0x00000014   Code   RO          107    i.GTIM_BTIM3_4_5_IRQHandler  interrupts_hc32f002.o
    0x00000ea2   0x00000ea2   0x00000002   PAD
    0x00000ea4   0x00000ea4   0x0000015c   Code   RO          711    i.GetDataWork       relayapp.o
    0x00001000   0x00001000   0x00000090   Code   RO          621    i.GetKey_mode       key.o
    0x00001090   0x00001090   0x000000a0   Code   RO          712    i.Get_Mac           relayapp.o
    0x00001130   0x00001130   0x00000054   Code   RO          492    i.Get_set           led.o
    0x00001184   0x00001184   0x0000000c   Code   RO          108    i.HardFault_Handler  interrupts_hc32f002.o
    0x00001190   0x00001190   0x00000008   Code   RO          109    i.I2C_IRQHandler    interrupts_hc32f002.o
    0x00001198   0x00001198   0x0000000c   Code   RO          110    i.IWDT_WWDT_IRQHandler  interrupts_hc32f002.o
    0x000011a4   0x000011a4   0x00000008   Code   RO          111    i.LPUART0_IRQHandler  interrupts_hc32f002.o
    0x000011ac   0x000011ac   0x00000008   Code   RO          112    i.LPUART1_IRQHandler  interrupts_hc32f002.o
    0x000011b4   0x000011b4   0x00000038   Code   RO          310    i.LPUART1_init      sys.o
    0x000011ec   0x000011ec   0x00000008   Code   RO         1565    i.LPUART_ClearIrq   lpuart.o
    0x000011f4   0x000011f4   0x00000008   Code   RO         1567    i.LPUART_EnableIrq  lpuart.o
    0x000011fc   0x000011fc   0x00000006   Code   RO         1568    i.LPUART_GetFlag    lpuart.o
    0x00001202   0x00001202   0x00000002   PAD
    0x00001204   0x00001204   0x000000bc   Code   RO         1571    i.LPUART_Init       lpuart.o
    0x000012c0   0x000012c0   0x00000008   Code   RO         1573    i.LPUART_ReceiveIT  lpuart.o
    0x000012c8   0x000012c8   0x00000026   Code   RO         1574    i.LPUART_Transmit   lpuart.o
    0x000012ee   0x000012ee   0x00000008   Code   RO          113    i.LVD_IRQHandler    interrupts_hc32f002.o
    0x000012f6   0x000012f6   0x00000002   PAD
    0x000012f8   0x000012f8   0x00000060   Code   RO          311    i.LpUart1_IRQHandler  sys.o
    0x00001358   0x00001358   0x00000008   Code   RO          114    i.PORTA_IRQHandler  interrupts_hc32f002.o
    0x00001360   0x00001360   0x00000008   Code   RO          115    i.PORTB_IRQHandler  interrupts_hc32f002.o
    0x00001368   0x00001368   0x00000008   Code   RO          116    i.PORTC_IRQHandler  interrupts_hc32f002.o
    0x00001370   0x00001370   0x00000008   Code   RO          117    i.PORTD_IRQHandler  interrupts_hc32f002.o
    0x00001378   0x00001378   0x00000008   Code   RO          118    i.SPI_IRQHandler    interrupts_hc32f002.o
    0x00001380   0x00001380   0x00000010   Code   RO          871    i.SYSCTRL_GetHCLK   sysctrl.o
    0x00001390   0x00001390   0x00000020   Code   RO          872    i.SYSCTRL_GetPCLK   sysctrl.o
    0x000013b0   0x000013b0   0x00000020   Code   RO          874    i.SYSCTRL_PeriphClkEnable  sysctrl.o
    0x000013d0   0x000013d0   0x000000c0   Code   RO          878    i.SYSCTRL_SysClkInit  sysctrl.o
    0x00001490   0x00001490   0x00000060   Code   RO          879    i.SYSCTRL_SysClkSrcInit  sysctrl.o
    0x000014f0   0x000014f0   0x00000008   Code   RO          119    i.SysTick_Handler   interrupts_hc32f002.o
    0x000014f8   0x000014f8   0x00000010   Code   RO           13    i.SystemCoreClockUpdate  system_hc32f002.o
    0x00001508   0x00001508   0x00000044   Code   RO           14    i.SystemInit        system_hc32f002.o
    0x0000154c   0x0000154c   0x00000018   Code   RO          231    i.Thread_Ms_sub     main.o
    0x00001564   0x00001564   0x00000030   Code   RO          312    i.UART1_R_Interr    sys.o
    0x00001594   0x00001594   0x00000030   Code   RO          313    i.UART1_ReadBoxSUB  sys.o
    0x000015c4   0x000015c4   0x0000002c   Code   RO          314    i.UART1_SendBox     sys.o
    0x000015f0   0x000015f0   0x00000010   Code   RO         1670    i.WWDT_Feed         wwdt.o
    0x00001600   0x00001600   0x0000001c   Code   RO         1674    i.WWDT_Init         wwdt.o
    0x0000161c   0x0000161c   0x00000010   Code   RO         1676    i.WWDT_Start        wwdt.o
    0x0000162c   0x0000162c   0x00000018   Code   RO          880    i._FlashUnlock      sysctrl.o
    0x00001644   0x00001644   0x00000018   Code   RO          881    i._SysctrlUnlock    sysctrl.o
    0x0000165c   0x0000165c   0x0000008c   Code   RO          882    i._SystemCoreClockUpdate  sysctrl.o
    0x000016e8   0x000016e8   0x0000002e   Code   RO         1925    i.__ARM_clz         mf_p.l(depilogue.o)
    0x00001716   0x00001716   0x0000000e   Code   RO         1935    i.__scatterload_copy  mc_p.l(handlers.o)
    0x00001724   0x00001724   0x00000002   Code   RO         1936    i.__scatterload_null  mc_p.l(handlers.o)
    0x00001726   0x00001726   0x0000000e   Code   RO         1937    i.__scatterload_zeroinit  mc_p.l(handlers.o)
    0x00001734   0x00001734   0x000001c0   Code   RO          495    i.bg595_shua        led.o
    0x000018f4   0x000018f4   0x0000001c   Code   RO          496    i.bg_con            led.o
    0x00001910   0x00001910   0x0000000c   Code   RO          497    i.bg_en             led.o
    0x0000191c   0x0000191c   0x00000054   Code   RO          498    i.bg_led            led.o
    0x00001970   0x00001970   0x00000064   Code   RO          499    i.bg_re             led.o
    0x000019d4   0x000019d4   0x00000020   Code   RO          316    i.calcrc_data       sys.o
    0x000019f4   0x000019f4   0x00000050   Code   RO          815    i.delay10us         ddl.o
    0x00001a44   0x00001a44   0x0000004c   Code   RO          816    i.delay1ms          ddl.o
    0x00001a90   0x00001a90   0x00000014   Code   RO          318    i.delay_ms          sys.o
    0x00001aa4   0x00001aa4   0x00000040   Code   RO          319    i.delay_us          sys.o
    0x00001ae4   0x00001ae4   0x00000014   Code   RO          714    i.dk485_init        relayapp.o
    0x00001af8   0x00001af8   0x00000012   Code   RO          321    i.flash_read        sys.o
    0x00001b0a   0x00001b0a   0x00000022   Code   RO          322    i.flash_writ        sys.o
    0x00001b2c   0x00001b2c   0x00000028   Code   RO          323    i.get_adc           sys.o
    0x00001b54   0x00001b54   0x00000080   Code   RO          500    i.h595d_write       led.o
    0x00001bd4   0x00001bd4   0x0000008c   Code   RO          232    i.initRCU           main.o
    0x00001c60   0x00001c60   0x00000090   Code   RO          324    i.io_init           sys.o
    0x00001cf0   0x00001cf0   0x00000058   Code   RO          622    i.key_get           key.o
    0x00001d48   0x00001d48   0x00000034   Code   RO          716    i.key_sendLin       relayapp.o
    0x00001d7c   0x00001d7c   0x000000d4   Code   RO          717    i.key_sle           relayapp.o
    0x00001e50   0x00001e50   0x00000020   Code   RO          624    i.key_sub           key.o
    0x00001e70   0x00001e70   0x00000074   Code   RO          625    i.key_work          key.o
    0x00001ee4   0x00001ee4   0x00000014   Code   RO          501    i.ledB_set          led.o
    0x00001ef8   0x00001ef8   0x00000034   Code   RO          503    i.led_set           led.o
    0x00001f2c   0x00001f2c   0x0000000e   Code   RO          233    i.main              main.o
    0x00001f3a   0x00001f3a   0x00000002   PAD
    0x00001f3c   0x00001f3c   0x00000058   Code   RO          505    i.pw_work           led.o
    0x00001f94   0x00001f94   0x00000028   Code   RO          718    i.qingqiu_send      relayapp.o
    0x00001fbc   0x00001fbc   0x0000001c   Code   RO          719    i.qingqiu_sub       relayapp.o
    0x00001fd8   0x00001fd8   0x00000090   Code   RO          720    i.ruo_yanshi        relayapp.o
    0x00002068   0x00002068   0x00000020   Code   RO          721    i.shou_send         relayapp.o
    0x00002088   0x00002088   0x00000014   Code   RO          506    i.shou_stopEN       led.o
    0x0000209c   0x0000209c   0x00000024   Code   RO          507    i.shou_sub          led.o
    0x000020c0   0x000020c0   0x00000054   Code   RO          508    i.shou_work_sub     led.o
    0x00002114   0x00002114   0x00000010   Code   RO          325    i.wwFeed            sys.o
    0x00002124   0x00002124   0x00000094   Code   RO          672    i.xunSub_diao       xunsub.o
    0x000021b8   0x000021b8   0x00000058   Code   RO          674    i.xunSub_timer      xunsub.o
    0x00002210   0x00002210   0x00000038   Code   RO          509    i.xybg_led          led.o
    0x00002248   0x00002248   0x00000020   Code   RO          510    i.xybg_sub          led.o
    0x00002268   0x00002268   0x00000024   Data   RO          883    .constdata          sysctrl.o
    0x0000228c   0x0000228c   0x00000020   Data   RO         1933    Region$$Table       anon$$obj.o


    Execution Region RW_IRAM1 (Exec base: 0x20000000, Load base: 0x000022ac, Size: 0x00000318, Max: 0x00000800, ABSOLUTE)

    Exec Addr    Load Addr    Size         Type   Attr      Idx    E Section Name        Object

    0x20000000   0x000022ac   0x00000004   Data   RW           15    .data               system_hc32f002.o
    0x20000004   0x000022b0   0x00000004   Data   RW           16    .data               system_hc32f002.o
    0x20000008   0x000022b4   0x00000004   Data   RW          327    .data               sys.o
    0x2000000c   0x000022b8   0x0000003e   Data   RW          511    .data               led.o
    0x2000004a   0x000022f6   0x00000002   PAD
    0x2000004c   0x000022f8   0x00000008   Data   RW          626    .data               key.o
    0x20000054   0x00002300   0x00000004   Data   RW          676    .data               xunsub.o
    0x20000058   0x00002304   0x0000000e   Data   RW          722    .data               relayapp.o
    0x20000066   0x00002312   0x00000002   PAD
    0x20000068        -       0x00000084   Zero   RW          326    .bss                sys.o
    0x200000ec        -       0x00000028   Zero   RW          675    .bss                xunsub.o
    0x20000114   0x00002312   0x00000004   PAD
    0x20000118        -       0x00000200   Zero   RW            1    STACK               startup_hc32f002.o


==============================================================================

Image component sizes


      Code (inc. data)   RO Data    RW Data    ZI Data      Debug   Object Name

       116          6          0          0          0       3010   adc.o
       140         36          0          0          0       3933   atim3.o
       156         30          0          0          0       1223   ddl.o
       328         50          0          0          0       3123   flash.o
       186          0          0          0          0       1148   gpio.o
       284         18          0          0          0      17585   interrupts_hc32f002.o
       380         30          0          8          0       3084   key.o
      1272        128          0         62          0       9312   led.o
       256         18          0          0          0       3933   lpuart.o
       178          8          0          0          0      46335   main.o
      1796         70          0         14          0       8509   relayapp.o
        60         22        192          0        512        652   startup_hc32f002.o
      1220        122          0          4        132      13752   sys.o
       556         98         36          0          0       5536   sysctrl.o
        98         12          0          8          0     124846   system_hc32f002.o
        60         16          0          0          0       1753   wwdt.o
       236         18          0          4         40       1811   xunsub.o

    ----------------------------------------------------------------------
      7338        682        260        104        688     249545   Object Totals
         0          0         32          0          0          0   (incl. Generated)
        16          0          0          4          4          0   (incl. Padding)

    ----------------------------------------------------------------------

      Code (inc. data)   RO Data    RW Data    ZI Data      Debug   Library Member Name

         0          0          0          0          0          0   entry.o
         0          0          0          0          0          0   entry10a.o
         0          0          0          0          0          0   entry11a.o
         4          0          0          0          0          0   entry12b.o
         8          4          0          0          0          0   entry2.o
         4          0          0          0          0          0   entry5.o
         0          0          0          0          0          0   entry7b.o
         0          0          0          0          0          0   entry8b.o
         8          4          0          0          0          0   entry9a.o
        30          0          0          0          0          0   handlers.o
        36          8          0          0          0         68   init.o
         0          0          0          0          0          0   iusefp.o
        32          0          0          0          0         68   llshl.o
        34          0          0          0          0         68   llushr.o
        36          0          0          0          0        100   memseta.o
        44          0          0          0          0         72   uidiv.o
        40          2          0          0          0         68   cdcmple.o
        40          2          0          0          0         68   cdrcmple.o
       236          0          0          0          0        216   depilogue.o
        28          4          0          0          0         68   dfltui.o
       208          6          0          0          0         88   dmul.o
       178          0          0          0          0        108   fadd.o
       124          0          0          0          0         72   fdiv.o
       130          0          0          0          0        144   fepilogue.o
        40          0          0          0          0         60   ffixui.o
        14          0          0          0          0         68   ffltui.o

    ----------------------------------------------------------------------
      1278         30          0          0          0       1336   Library Totals
         4          0          0          0          0          0   (incl. Padding)

    ----------------------------------------------------------------------

      Code (inc. data)   RO Data    RW Data    ZI Data      Debug   Library Name

       236         16          0          0          0        376   mc_p.l
      1038         14          0          0          0        960   mf_p.l

    ----------------------------------------------------------------------
      1278         30          0          0          0       1336   Library Totals

    ----------------------------------------------------------------------

==============================================================================


      Code (inc. data)   RO Data    RW Data    ZI Data      Debug   

      8616        712        260        104        688     245473   Grand Totals
      8616        712        260        104        688     245473   ELF Image Totals
      8616        712        260        104          0          0   ROM Totals

==============================================================================

    Total RO  Size (Code + RO Data)                 8876 (   8.67kB)
    Total RW  Size (RW Data + ZI Data)               792 (   0.77kB)
    Total ROM Size (Code + RO Data + RW Data)       8980 (   8.77kB)

==============================================================================

