Component: Arm Compiler for Embedded 6.24 Tool: armlink [5f371500]

==============================================================================

Image Symbol Table

    Local Symbols

    Symbol Name                              Value     Ov Type        Size  Object(Section)

    ../clib/division.s                       0x00000000   Number         0  aeabi_sdivfast.o ABSOLUTE
    ../clib/division.s                       0x00000000   Number         0  aeabi_sdivfast_div0.o ABSOLUTE
    ../clib/microlib/division.c              0x00000000   Number         0  uidiv.o ABSOLUTE
    ../clib/microlib/division.c              0x00000000   Number         0  uidiv_div0.o ABSOLUTE
    ../clib/microlib/division.c              0x00000000   Number         0  idiv_div0.o ABSOLUTE
    ../clib/microlib/division.c              0x00000000   Number         0  idiv0.o ABSOLUTE
    ../clib/microlib/division.c              0x00000000   Number         0  uldiv.o ABSOLUTE
    ../clib/microlib/init/entry.s            0x00000000   Number         0  entry.o ABSOLUTE
    ../clib/microlib/init/entry.s            0x00000000   Number         0  entry2.o ABSOLUTE
    ../clib/microlib/init/entry.s            0x00000000   Number         0  entry5.o ABSOLUTE
    ../clib/microlib/init/entry.s            0x00000000   Number         0  entry7a.o ABSOLUTE
    ../clib/microlib/init/entry.s            0x00000000   Number         0  entry7b.o ABSOLUTE
    ../clib/microlib/init/entry.s            0x00000000   Number         0  entry8a.o ABSOLUTE
    ../clib/microlib/init/entry.s            0x00000000   Number         0  entry8b.o ABSOLUTE
    ../clib/microlib/init/entry.s            0x00000000   Number         0  entry9a.o ABSOLUTE
    ../clib/microlib/init/entry.s            0x00000000   Number         0  entry9b.o ABSOLUTE
    ../clib/microlib/init/entry.s            0x00000000   Number         0  entry10a.o ABSOLUTE
    ../clib/microlib/init/entry.s            0x00000000   Number         0  entry10b.o ABSOLUTE
    ../clib/microlib/init/entry.s            0x00000000   Number         0  entry11a.o ABSOLUTE
    ../clib/microlib/init/entry.s            0x00000000   Number         0  entry11b.o ABSOLUTE
    ../clib/microlib/longlong.c              0x00000000   Number         0  llshl.o ABSOLUTE
    ../clib/microlib/longlong.c              0x00000000   Number         0  llushr.o ABSOLUTE
    ../clib/microlib/longlong.c              0x00000000   Number         0  llsshr.o ABSOLUTE
    ../clib/microlib/printf/printf.c         0x00000000   Number         0  printfb.o ABSOLUTE
    ../clib/microlib/printf/printf.c         0x00000000   Number         0  printf0.o ABSOLUTE
    ../clib/microlib/printf/printf.c         0x00000000   Number         0  printf1.o ABSOLUTE
    ../clib/microlib/printf/printf.c         0x00000000   Number         0  printf2.o ABSOLUTE
    ../clib/microlib/printf/printf.c         0x00000000   Number         0  printf3.o ABSOLUTE
    ../clib/microlib/printf/printf.c         0x00000000   Number         0  printf4.o ABSOLUTE
    ../clib/microlib/printf/printf.c         0x00000000   Number         0  printf5.o ABSOLUTE
    ../clib/microlib/printf/printf.c         0x00000000   Number         0  printf6.o ABSOLUTE
    ../clib/microlib/printf/printf.c         0x00000000   Number         0  printf7.o ABSOLUTE
    ../clib/microlib/printf/printf.c         0x00000000   Number         0  printf8.o ABSOLUTE
    ../clib/microlib/printf/printf.c         0x00000000   Number         0  printfa.o ABSOLUTE
    ../clib/microlib/printf/stubs.s          0x00000000   Number         0  printfstubs.o ABSOLUTE
    ../clib/microlib/stdio/streams.c         0x00000000   Number         0  stdout.o ABSOLUTE
    ../clib/microlib/string/memcpy.c         0x00000000   Number         0  memcpya.o ABSOLUTE
    ../clib/microlib/string/memcpy.c         0x00000000   Number         0  memcpyb.o ABSOLUTE
    ../clib/microlib/string/memset.c         0x00000000   Number         0  memseta.o ABSOLUTE
    ../clib/microlib/string/strcmp.c         0x00000000   Number         0  strcmp.o ABSOLUTE
    ../clib/microlib/string/strlen.c         0x00000000   Number         0  strlen.o ABSOLUTE
    ../clib/microlib/string/strncpy.c        0x00000000   Number         0  strncpy.o ABSOLUTE
    ../clib/microlib/stubs.s                 0x00000000   Number         0  iusefp.o ABSOLUTE
    ../fplib/microlib/fpadd.c                0x00000000   Number         0  fadd.o ABSOLUTE
    ../fplib/microlib/fpadd.c                0x00000000   Number         0  dadd.o ABSOLUTE
    ../fplib/microlib/fpcmp.c                0x00000000   Number         0  dcmplt.o ABSOLUTE
    ../fplib/microlib/fpcmp.c                0x00000000   Number         0  dcmpgt.o ABSOLUTE
    ../fplib/microlib/fpdiv.c                0x00000000   Number         0  fdiv.o ABSOLUTE
    ../fplib/microlib/fpdiv.c                0x00000000   Number         0  ddiv.o ABSOLUTE
    ../fplib/microlib/fpepilogue.c           0x00000000   Number         0  fepilogue.o ABSOLUTE
    ../fplib/microlib/fpepilogue.c           0x00000000   Number         0  depilogue.o ABSOLUTE
    ../fplib/microlib/fpfix.c                0x00000000   Number         0  ffixi.o ABSOLUTE
    ../fplib/microlib/fpfix.c                0x00000000   Number         0  dfixul.o ABSOLUTE
    ../fplib/microlib/fpflt.c                0x00000000   Number         0  ffltui.o ABSOLUTE
    ../fplib/microlib/fpflt.c                0x00000000   Number         0  dfltui.o ABSOLUTE
    ../fplib/microlib/fpmul.c                0x00000000   Number         0  dmul.o ABSOLUTE
    SEGGER_RTT.c                             0x00000000   Number         0  segger_rtt.o ABSOLUTE
    SEGGER_RTT_printf.c                      0x00000000   Number         0  segger_rtt_printf.o ABSOLUTE
    adc.c                                    0x00000000   Number         0  adc.o ABSOLUTE
    app_base.c                               0x00000000   Number         0  app_base.o ABSOLUTE
    app_protocol.c                           0x00000000   Number         0  app_protocol.o ABSOLUTE
    app_timer.c                              0x00000000   Number         0  app_timer.o ABSOLUTE
    atim3.c                                  0x00000000   Number         0  atim3.o ABSOLUTE
    bsp_595.c                                0x00000000   Number         0  bsp_595.o ABSOLUTE
    bsp_adc.c                                0x00000000   Number         0  bsp_adc.o ABSOLUTE
    bsp_flash.c                              0x00000000   Number         0  bsp_flash.o ABSOLUTE
    bsp_gpio.c                               0x00000000   Number         0  bsp_gpio.o ABSOLUTE
    bsp_pcb.c                                0x00000000   Number         0  bsp_pcb.o ABSOLUTE
    bsp_usart.c                              0x00000000   Number         0  bsp_usart.o ABSOLUTE
    btim.c                                   0x00000000   Number         0  btim.o ABSOLUTE
    cdrcmple.s                               0x00000000   Number         0  cdrcmple.o ABSOLUTE
    ctrim.c                                  0x00000000   Number         0  ctrim.o ABSOLUTE
    dc.s                                     0x00000000   Number         0  dc.o ABSOLUTE
    ddl.c                                    0x00000000   Number         0  ddl.o ABSOLUTE
    dev_config.c                             0x00000000   Number         0  dev_config.o ABSOLUTE
    dev_manager.c                            0x00000000   Number         0  dev_manager.o ABSOLUTE
    dev_panel.c                              0x00000000   Number         0  dev_panel.o ABSOLUTE
    flash.c                                  0x00000000   Number         0  flash.o ABSOLUTE
    gpio.c                                   0x00000000   Number         0  gpio.o ABSOLUTE
    gtim.c                                   0x00000000   Number         0  gtim.o ABSOLUTE
    handlers.s                               0x00000000   Number         0  handlers.o ABSOLUTE
    i2c.c                                    0x00000000   Number         0  i2c.o ABSOLUTE
    init.s                                   0x00000000   Number         0  init.o ABSOLUTE
    interrupts_hc32f002.c                    0x00000000   Number         0  interrupts_hc32f002.o ABSOLUTE
    iwdt.c                                   0x00000000   Number         0  iwdt.o ABSOLUTE
    lpm.c                                    0x00000000   Number         0  lpm.o ABSOLUTE
    lpuart.c                                 0x00000000   Number         0  lpuart.o ABSOLUTE
    lvd.c                                    0x00000000   Number         0  lvd.o ABSOLUTE
    main.c                                   0x00000000   Number         0  main.o ABSOLUTE
    spi.c                                    0x00000000   Number         0  spi.o ABSOLUTE
    startup_hc32f002.s                       0x00000000   Number         0  startup_hc32f002.o ABSOLUTE
    sysctrl.c                                0x00000000   Number         0  sysctrl.o ABSOLUTE
    system_hc32f002.c                        0x00000000   Number         0  system_hc32f002.o ABSOLUTE
    wwdt.c                                   0x00000000   Number         0  wwdt.o ABSOLUTE
    RESET                                    0x00000000   Section      192  startup_hc32f002.o(RESET)
    .ARM.Collect$$$$00000000                 0x000000c0   Section        0  entry.o(.ARM.Collect$$$$00000000)
    .ARM.Collect$$$$00000001                 0x000000c0   Section        4  entry2.o(.ARM.Collect$$$$00000001)
    .ARM.Collect$$$$00000004                 0x000000c4   Section        4  entry5.o(.ARM.Collect$$$$00000004)
    .ARM.Collect$$$$00000008                 0x000000c8   Section        0  entry7b.o(.ARM.Collect$$$$00000008)
    .ARM.Collect$$$$0000000A                 0x000000c8   Section        0  entry8b.o(.ARM.Collect$$$$0000000A)
    .ARM.Collect$$$$0000000B                 0x000000c8   Section        8  entry9a.o(.ARM.Collect$$$$0000000B)
    __lit__00000000                          0x000000d0   Data           4  entry2.o(.ARM.Collect$$$$00002712)
    .ARM.Collect$$$$0000000D                 0x000000d0   Section        0  entry10a.o(.ARM.Collect$$$$0000000D)
    .ARM.Collect$$$$0000000F                 0x000000d0   Section        0  entry11a.o(.ARM.Collect$$$$0000000F)
    .ARM.Collect$$$$00002712                 0x000000d0   Section        4  entry2.o(.ARM.Collect$$$$00002712)
    .text                                    0x000000d4   Section       60  startup_hc32f002.o(.text)
    .text                                    0x00000110   Section        0  strncpy.o(.text)
    .text                                    0x0000012a   Section        0  strlen.o(.text)
    .text                                    0x00000138   Section        0  fadd.o(.text)
    .text                                    0x000001ea   Section        0  fdiv.o(.text)
    .text                                    0x00000268   Section        0  dmul.o(.text)
    .text                                    0x00000338   Section        0  dcmplt.o(.text)
    .text                                    0x00000364   Section        0  dcmpgt.o(.text)
    .text                                    0x00000390   Section        0  ffltui.o(.text)
    .text                                    0x000003a0   Section        0  dfltui.o(.text)
    .text                                    0x000003bc   Section        0  ffixi.o(.text)
    .text                                    0x000003ee   Section        0  uidiv_div0.o(.text)
    .text                                    0x0000042c   Section        0  uldiv.o(.text)
    .text                                    0x0000048c   Section        0  iusefp.o(.text)
    .text                                    0x0000048c   Section        0  fepilogue.o(.text)
    .text                                    0x0000050e   Section        0  depilogue.o(.text)
    .text                                    0x000005cc   Section       48  init.o(.text)
    .text                                    0x000005fc   Section        0  llshl.o(.text)
    .text                                    0x0000061c   Section        0  llushr.o(.text)
    [Anonymous Symbol]                       0x00000640   Section        0  system_hc32f002.o(.text.$Sub$$main)
    __arm_cp.2_0                             0x00000680   Number         4  system_hc32f002.o(.text.$Sub$$main)
    __arm_cp.2_1                             0x00000684   Number         4  system_hc32f002.o(.text.$Sub$$main)
    __arm_cp.2_2                             0x00000688   Number         4  system_hc32f002.o(.text.$Sub$$main)
    __arm_cp.2_3                             0x0000068c   Number         4  system_hc32f002.o(.text.$Sub$$main)
    __arm_cp.2_4                             0x00000690   Number         4  system_hc32f002.o(.text.$Sub$$main)
    __arm_cp.2_5                             0x00000694   Number         4  system_hc32f002.o(.text.$Sub$$main)
    __arm_cp.2_6                             0x00000698   Number         4  system_hc32f002.o(.text.$Sub$$main)
    [Anonymous Symbol]                       0x0000069c   Section        0  adc.o(.text.ADC_ClearFlag_EOC)
    [Anonymous Symbol]                       0x000006a8   Section        0  adc.o(.text.ADC_GetResult)
    [Anonymous Symbol]                       0x000006ae   Section        0  interrupts_hc32f002.o(.text.ADC_IRQHandler)
    [Anonymous Symbol]                       0x000006b8   Section        0  adc.o(.text.ADC_Init)
    __arm_cp.0_0                             0x00000700   Number         4  adc.o(.text.ADC_Init)
    [Anonymous Symbol]                       0x00000704   Section        0  adc.o(.text.ADC_IsActiveFlag_EOC)
    [Anonymous Symbol]                       0x0000070e   Section        0  adc.o(.text.ADC_StartSingleConversion)
    [Anonymous Symbol]                       0x0000071a   Section        0  interrupts_hc32f002.o(.text.ATIM3_IRQHandler)
    [Anonymous Symbol]                       0x00000724   Section        0  app_timer.o(.text.BTim3_IRQHandler)
    __arm_cp.7_0                             0x000007dc   Number         4  app_timer.o(.text.BTim3_IRQHandler)
    __arm_cp.7_1                             0x000007e0   Number         4  app_timer.o(.text.BTim3_IRQHandler)
    __arm_cp.7_2                             0x000007e4   Number         4  app_timer.o(.text.BTim3_IRQHandler)
    [Anonymous Symbol]                       0x000007e8   Section        0  btim.o(.text.Btim_ClearFlag)
    [Anonymous Symbol]                       0x000007f0   Section        0  btim.o(.text.Btim_Enable)
    [Anonymous Symbol]                       0x000007fa   Section        0  btim.o(.text.Btim_EnableIT)
    [Anonymous Symbol]                       0x00000804   Section        0  btim.o(.text.Btim_Init)
    __arm_cp.0_0                             0x00000844   Number         4  btim.o(.text.Btim_Init)
    __arm_cp.0_1                             0x00000848   Number         4  btim.o(.text.Btim_Init)
    [Anonymous Symbol]                       0x0000084c   Section        0  btim.o(.text.Btim_IsActiveFlag)
    [Anonymous Symbol]                       0x00000858   Section        0  interrupts_hc32f002.o(.text.CTRIM_IRQHandler)
    [Anonymous Symbol]                       0x00000860   Section        0  interrupts_hc32f002.o(.text.EnableNvic)
    __arm_cp.0_0                             0x000008cc   Number         4  interrupts_hc32f002.o(.text.EnableNvic)
    __arm_cp.0_1                             0x000008d0   Number         4  interrupts_hc32f002.o(.text.EnableNvic)
    __arm_cp.0_2                             0x000008d4   Number         4  interrupts_hc32f002.o(.text.EnableNvic)
    __arm_cp.0_3                             0x000008d8   Number         4  interrupts_hc32f002.o(.text.EnableNvic)
    __arm_cp.0_4                             0x000008dc   Number         4  interrupts_hc32f002.o(.text.EnableNvic)
    [Anonymous Symbol]                       0x000008e0   Section        0  interrupts_hc32f002.o(.text.FLASH_IRQHandler)
    [Anonymous Symbol]                       0x000008e8   Section        0  gpio.o(.text.GPIO_Init)
    [Anonymous Symbol]                       0x000009ac   Section        0  interrupts_hc32f002.o(.text.GTIM_BTIM3_4_5_IRQHandler)
    [Anonymous Symbol]                       0x000009c0   Section        0  interrupts_hc32f002.o(.text.HardFault_Handler)
    [Anonymous Symbol]                       0x000009e2   Section        0  interrupts_hc32f002.o(.text.I2C_IRQHandler)
    [Anonymous Symbol]                       0x000009ea   Section        0  interrupts_hc32f002.o(.text.IWDT_WWDT_IRQHandler)
    [Anonymous Symbol]                       0x000009f6   Section        0  interrupts_hc32f002.o(.text.LPUART0_IRQHandler)
    [Anonymous Symbol]                       0x00000a00   Section        0  bsp_usart.o(.text.LPUART1_IRQHandler)
    __arm_cp.3_0                             0x00000a68   Number         4  bsp_usart.o(.text.LPUART1_IRQHandler)
    __arm_cp.3_1                             0x00000a6c   Number         4  bsp_usart.o(.text.LPUART1_IRQHandler)
    __arm_cp.3_2                             0x00000a70   Number         4  bsp_usart.o(.text.LPUART1_IRQHandler)
    [Anonymous Symbol]                       0x00000a74   Section        0  lpuart.o(.text.LPUART_ClearIrq)
    [Anonymous Symbol]                       0x00000a7c   Section        0  lpuart.o(.text.LPUART_EnableIrq)
    [Anonymous Symbol]                       0x00000a84   Section        0  lpuart.o(.text.LPUART_GetFlag)
    [Anonymous Symbol]                       0x00000a8c   Section        0  lpuart.o(.text.LPUART_Init)
    __arm_cp.0_0                             0x00000b54   Number         4  lpuart.o(.text.LPUART_Init)
    __arm_cp.0_1                             0x00000b58   Number         4  lpuart.o(.text.LPUART_Init)
    __arm_cp.0_2                             0x00000b5c   Number         4  lpuart.o(.text.LPUART_Init)
    __arm_cp.0_3                             0x00000b60   Number         4  lpuart.o(.text.LPUART_Init)
    [Anonymous Symbol]                       0x00000b64   Section        0  lpuart.o(.text.LPUART_ReceiveIT)
    [Anonymous Symbol]                       0x00000b6c   Section        0  lpuart.o(.text.LPUART_Transmit)
    [Anonymous Symbol]                       0x00000c8a   Section        0  interrupts_hc32f002.o(.text.LVD_IRQHandler)
    [Anonymous Symbol]                       0x00000c92   Section        0  interrupts_hc32f002.o(.text.PORTA_IRQHandler)
    [Anonymous Symbol]                       0x00000c9a   Section        0  interrupts_hc32f002.o(.text.PORTB_IRQHandler)
    [Anonymous Symbol]                       0x00000ca2   Section        0  interrupts_hc32f002.o(.text.PORTC_IRQHandler)
    [Anonymous Symbol]                       0x00000caa   Section        0  interrupts_hc32f002.o(.text.PORTD_IRQHandler)
    [Anonymous Symbol]                       0x00000cb4   Section        0  segger_rtt.o(.text.SEGGER_RTT_PutChar)
    __arm_cp.13_0                            0x00000d6c   Number         4  segger_rtt.o(.text.SEGGER_RTT_PutChar)
    __arm_cp.13_1                            0x00000d70   Number         4  segger_rtt.o(.text.SEGGER_RTT_PutChar)
    __arm_cp.13_2                            0x00000d74   Number         4  segger_rtt.o(.text.SEGGER_RTT_PutChar)
    __arm_cp.13_3                            0x00000d78   Number         4  segger_rtt.o(.text.SEGGER_RTT_PutChar)
    [Anonymous Symbol]                       0x00000d7c   Section        0  interrupts_hc32f002.o(.text.SPI_IRQHandler)
    [Anonymous Symbol]                       0x00000d84   Section        0  sysctrl.o(.text.SYSCTRL_FuncEnable)
    __arm_cp.7_0                             0x00000dac   Number         4  sysctrl.o(.text.SYSCTRL_FuncEnable)
    __arm_cp.7_1                             0x00000db0   Number         4  sysctrl.o(.text.SYSCTRL_FuncEnable)
    __arm_cp.7_2                             0x00000db4   Number         4  sysctrl.o(.text.SYSCTRL_FuncEnable)
    [Anonymous Symbol]                       0x00000db8   Section        0  sysctrl.o(.text.SYSCTRL_GetHCLK)
    [Anonymous Symbol]                       0x00000e30   Section        0  sysctrl.o(.text.SYSCTRL_GetPCLK)
    __arm_cp.6_0                             0x00000eb0   Number         4  sysctrl.o(.text.SYSCTRL_GetPCLK)
    __arm_cp.6_1                             0x00000eb4   Number         4  sysctrl.o(.text.SYSCTRL_GetPCLK)
    __arm_cp.6_2                             0x00000eb8   Number         4  sysctrl.o(.text.SYSCTRL_GetPCLK)
    __arm_cp.6_3                             0x00000ebc   Number         4  sysctrl.o(.text.SYSCTRL_GetPCLK)
    __arm_cp.6_6                             0x00000ec0   Number         4  sysctrl.o(.text.SYSCTRL_GetPCLK)
    __arm_cp.6_7                             0x00000ec4   Number         4  sysctrl.o(.text.SYSCTRL_GetPCLK)
    __arm_cp.6_8                             0x00000ec8   Number         4  sysctrl.o(.text.SYSCTRL_GetPCLK)
    [Anonymous Symbol]                       0x00000ecc   Section        0  sysctrl.o(.text.SYSCTRL_PeriphClkEnable)
    __arm_cp.9_0                             0x00000ee4   Number         4  sysctrl.o(.text.SYSCTRL_PeriphClkEnable)
    [Anonymous Symbol]                       0x00000ee8   Section        0  interrupts_hc32f002.o(.text.SysTick_Handler)
    [Anonymous Symbol]                       0x00000ef0   Section        0  system_hc32f002.o(.text.SystemInit)
    __arm_cp.1_0                             0x00000f2c   Number         4  system_hc32f002.o(.text.SystemInit)
    __arm_cp.1_1                             0x00000f30   Number         4  system_hc32f002.o(.text.SystemInit)
    __arm_cp.1_2                             0x00000f34   Number         4  system_hc32f002.o(.text.SystemInit)
    __arm_cp.1_3                             0x00000f38   Number         4  system_hc32f002.o(.text.SystemInit)
    __arm_cp.1_4                             0x00000f3c   Number         4  system_hc32f002.o(.text.SystemInit)
    __arm_cp.1_5                             0x00000f40   Number         4  system_hc32f002.o(.text.SystemInit)
    __arm_cp.1_6                             0x00000f44   Number         4  system_hc32f002.o(.text.SystemInit)
    [Anonymous Symbol]                       0x00000f48   Section        0  app_base.o(.text.app_calculate_average)
    [Anonymous Symbol]                       0x00000fb4   Section        0  bsp_flash.o(.text.app_flash_read)
    [Anonymous Symbol]                       0x00001018   Section        0  app_protocol.o(.text.app_protocol_build)
    __arm_cp.0_0                             0x00001048   Number         4  app_protocol.o(.text.app_protocol_build)
    [Anonymous Symbol]                       0x0000104c   Section        0  app_timer.o(.text.app_timer_get_ticks)
    [Anonymous Symbol]                       0x00001054   Section        0  app_timer.o(.text.app_timer_init)
    __arm_cp.0_0                             0x000010a8   Number         4  app_timer.o(.text.app_timer_init)
    __arm_cp.0_1                             0x000010ac   Number         4  app_timer.o(.text.app_timer_init)
    __arm_cp.0_2                             0x000010b0   Number         4  app_timer.o(.text.app_timer_init)
    [Anonymous Symbol]                       0x000010b4   Section        0  app_timer.o(.text.app_timer_poll)
    [Anonymous Symbol]                       0x00001180   Section        0  app_timer.o(.text.app_timer_start)
    __arm_cp.1_0                             0x00001270   Number         4  app_timer.o(.text.app_timer_start)
    __arm_cp.1_1                             0x00001274   Number         4  app_timer.o(.text.app_timer_start)
    [Anonymous Symbol]                       0x00001278   Section        0  bsp_595.o(.text.bsp_595_init)
    [Anonymous Symbol]                       0x00001280   Section        0  bsp_595.o(.text.bsp_595_out)
    __arm_cp.1_0                             0x000012e4   Number         4  bsp_595.o(.text.bsp_595_out)
    __arm_cp.1_2                             0x000012e8   Number         4  bsp_595.o(.text.bsp_595_out)
    [Anonymous Symbol]                       0x000012ec   Section        0  bsp_adc.o(.text.bsp_adc_init)
    [Anonymous Symbol]                       0x000012f4   Section        0  bsp_adc.o(.text.bsp_get_adc)
    __arm_cp.1_1                             0x00001324   Number         4  bsp_adc.o(.text.bsp_get_adc)
    [Anonymous Symbol]                       0x00001328   Section        0  bsp_pcb.o(.text.bsp_pcb_595_init)
    __arm_cp.4_0                             0x00001378   Number         4  bsp_pcb.o(.text.bsp_pcb_595_init)
    __arm_cp.4_1                             0x0000137c   Number         4  bsp_pcb.o(.text.bsp_pcb_595_init)
    [Anonymous Symbol]                       0x00001380   Section        0  bsp_pcb.o(.text.bsp_pcb_RD_init)
    __arm_cp.1_0                             0x000013a4   Number         4  bsp_pcb.o(.text.bsp_pcb_RD_init)
    __arm_cp.1_1                             0x000013a8   Number         4  bsp_pcb.o(.text.bsp_pcb_RD_init)
    [Anonymous Symbol]                       0x000013ac   Section        0  bsp_pcb.o(.text.bsp_pcb_adc_init)
    __arm_cp.3_0                             0x000013e0   Number         4  bsp_pcb.o(.text.bsp_pcb_adc_init)
    [Anonymous Symbol]                       0x000013e4   Section        0  bsp_pcb.o(.text.bsp_pcb_panel_init)
    __arm_cp.0_0                             0x00001420   Number         4  bsp_pcb.o(.text.bsp_pcb_panel_init)
    __arm_cp.0_1                             0x00001424   Number         4  bsp_pcb.o(.text.bsp_pcb_panel_init)
    __arm_cp.0_2                             0x00001428   Number         4  bsp_pcb.o(.text.bsp_pcb_panel_init)
    [Anonymous Symbol]                       0x0000142c   Section        0  bsp_pcb.o(.text.bsp_pcb_usart_init)
    __arm_cp.2_0                             0x00001488   Number         4  bsp_pcb.o(.text.bsp_pcb_usart_init)
    __arm_cp.2_1                             0x0000148c   Number         4  bsp_pcb.o(.text.bsp_pcb_usart_init)
    [Anonymous Symbol]                       0x00001490   Section        0  bsp_usart.o(.text.bsp_usart1_rx_callback)
    [Anonymous Symbol]                       0x00001498   Section        0  bsp_usart.o(.text.bsp_usart_has_data)
    __arm_cp.4_0                             0x000014c8   Number         4  bsp_usart.o(.text.bsp_usart_has_data)
    __arm_cp.4_1                             0x000014cc   Number         4  bsp_usart.o(.text.bsp_usart_has_data)
    __arm_cp.4_2                             0x000014d0   Number         4  bsp_usart.o(.text.bsp_usart_has_data)
    [Anonymous Symbol]                       0x000014d4   Section        0  bsp_usart.o(.text.bsp_usart_init)
    [Anonymous Symbol]                       0x00001530   Section        0  bsp_usart.o(.text.bsp_usart_tx)
    __arm_cp.2_0                             0x00001558   Number         4  bsp_usart.o(.text.bsp_usart_tx)
    __arm_cp.2_1                             0x0000155c   Number         4  bsp_usart.o(.text.bsp_usart_tx)
    [Anonymous Symbol]                       0x00001560   Section        0  ddl.o(.text.delay10us)
    __arm_cp.4_2                             0x000016d4   Number         4  ddl.o(.text.delay10us)
    [Anonymous Symbol]                       0x000016d8   Section        0  ddl.o(.text.delay1ms)
    __arm_cp.2_0                             0x0000185c   Number         4  ddl.o(.text.delay1ms)
    __arm_cp.2_1                             0x00001860   Number         4  ddl.o(.text.delay1ms)
    [Anonymous Symbol]                       0x00001864   Section        0  dev_config.o(.text.dev_config_load)
    [Anonymous Symbol]                       0x00001874   Section        0  dev_config.o(.text.dev_get_config)
    __arm_cp.2_0                             0x00001878   Number         4  dev_config.o(.text.dev_get_config)
    [Anonymous Symbol]                       0x0000187c   Section        0  dev_manager.o(.text.dev_jump_dev)
    [Anonymous Symbol]                       0x00001884   Section        0  dev_panel.o(.text.dev_panel_init)
    __arm_cp.0_0                             0x000018c8   Number         4  dev_panel.o(.text.dev_panel_init)
    __arm_cp.0_2                             0x000018d8   Number         4  dev_panel.o(.text.dev_panel_init)
    dev_panel_proto_check                    0x000018e9   Thumb Code    36  dev_panel.o(.text.dev_panel_proto_check)
    [Anonymous Symbol]                       0x000018e8   Section        0  dev_panel.o(.text.dev_panel_proto_check)
    dev_panel_read_adc                       0x0000196d   Thumb Code   196  dev_panel.o(.text.dev_panel_read_adc)
    [Anonymous Symbol]                       0x0000196c   Section        0  dev_panel.o(.text.dev_panel_read_adc)
    __arm_cp.2_0                             0x00001a30   Number         4  dev_panel.o(.text.dev_panel_read_adc)
    __arm_cp.2_1                             0x00001a34   Number         4  dev_panel.o(.text.dev_panel_read_adc)
    __arm_cp.2_2                             0x00001a38   Number         4  dev_panel.o(.text.dev_panel_read_adc)
    [Anonymous Symbol]                       0x00001a3c   Section        0  bsp_usart.o(.text.fputc)
    [Anonymous Symbol]                       0x00001a4c   Section        0  main.o(.text.main)
    i.__0printf$8                            0x00001a68   Section        0  printf8.o(i.__0printf$8)
    i.__ARM_clz                              0x00001a88   Section        0  depilogue.o(i.__ARM_clz)
    i.__scatterload_copy                     0x00001ab6   Section       14  handlers.o(i.__scatterload_copy)
    i.__scatterload_null                     0x00001ac4   Section        2  handlers.o(i.__scatterload_null)
    i.__scatterload_zeroinit                 0x00001ac6   Section       14  handlers.o(i.__scatterload_zeroinit)
    _printf_core                             0x00001ad5   Thumb Code  1020  printf8.o(i._printf_core)
    i._printf_core                           0x00001ad4   Section        0  printf8.o(i._printf_core)
    _printf_post_padding                     0x00001efd   Thumb Code    32  printf8.o(i._printf_post_padding)
    i._printf_post_padding                   0x00001efc   Section        0  printf8.o(i._printf_post_padding)
    _printf_pre_padding                      0x00001f1d   Thumb Code    44  printf8.o(i._printf_pre_padding)
    i._printf_pre_padding                    0x00001f1c   Section        0  printf8.o(i._printf_pre_padding)
    au32RCHFreqTable                         0x00001f48   Data          36  sysctrl.o(.rodata.au32RCHFreqTable)
    [Anonymous Symbol]                       0x00001f48   Section        0  sysctrl.o(.rodata.au32RCHFreqTable)
    [Anonymous Symbol]                       0x00001f6c   Section        0  segger_rtt.o(.rodata.str1.1)
    .data                                    0x20000000   Section        4  stdout.o(.data)
    my_panel_status                          0x2000000c   Data          60  dev_panel.o(.data.my_panel_status)
    [Anonymous Symbol]                       0x2000000c   Section        0  dev_panel.o(.data.my_panel_status)
    _acDownBuffer                            0x20000078   Data           0  segger_rtt.o(.bss._acDownBuffer)
    _acUpBuffer                              0x20000078   Data         512  segger_rtt.o(.bss._acUpBuffer)
    [Anonymous Symbol]                       0x20000078   Section        0  segger_rtt.o(.bss._acUpBuffer)
    [Anonymous Symbol]                       0x20000078   Section        0  segger_rtt.o(.bss._acDownBuffer)
    last_rx_ticks                            0x20000278   Data           4  bsp_usart.o(.bss.last_rx_ticks)
    [Anonymous Symbol]                       0x20000278   Section        0  bsp_usart.o(.bss.last_rx_ticks)
    my_adc_value                             0x2000027c   Data          24  dev_panel.o(.bss.my_adc_value)
    [Anonymous Symbol]                       0x2000027c   Section        0  dev_panel.o(.bss.my_adc_value)
    my_panel_cfg                             0x20000294   Data           1  dev_config.o(.bss.my_panel_cfg)
    [Anonymous Symbol]                       0x20000294   Section        0  dev_config.o(.bss.my_panel_cfg)
    my_panel_frame                           0x20000296   Data          10  app_protocol.o(.bss.my_panel_frame)
    [Anonymous Symbol]                       0x20000296   Section        0  app_protocol.o(.bss.my_panel_frame)
    my_soft_timer                            0x200002a0   Data         180  app_timer.o(.bss.my_soft_timer)
    [Anonymous Symbol]                       0x200002a0   Section        0  app_timer.o(.bss.my_soft_timer)
    rx1_buf                                  0x20000354   Data         258  bsp_usart.o(.bss.rx1_buf)
    [Anonymous Symbol]                       0x20000354   Section        0  bsp_usart.o(.bss.rx1_buf)
    rx1_callback                             0x20000458   Data           4  bsp_usart.o(.bss.rx1_callback)
    [Anonymous Symbol]                       0x20000458   Section        0  bsp_usart.o(.bss.rx1_callback)
    system_ticks                             0x2000045c   Data           4  app_timer.o(.bss.system_ticks)
    [Anonymous Symbol]                       0x2000045c   Section        0  app_timer.o(.bss.system_ticks)
    STACK                                    0x20000460   Section      512  startup_hc32f002.o(STACK)

    Global Symbols

    Symbol Name                              Value     Ov Type        Size  Object(Section)

    BuildAttributes$$THM_ISAv3M$S$PE$A:L22$X:L11$S22$IEEE1$IW$~IW$USESV6$~STKCKD$USESV7$WCHAR32$ENUMINT$~SHL$OTIME$ROPI$EBA8$MICROLIB$REQ8$PRES8$EABIv2 0x00000000   Number         0  anon$$obj.o ABSOLUTE
    __Vectors                                0x00000000   Data           0  startup_hc32f002.o(RESET)
    _printf_a                                0x00000000   Number         0  printfstubs.o ABSOLUTE
    _printf_c                                0x00000000   Number         0  printfstubs.o ABSOLUTE
    _printf_charcount                        0x00000000   Number         0  printfstubs.o ABSOLUTE
    _printf_d                                0x00000000   Number         0  printfstubs.o ABSOLUTE
    _printf_e                                0x00000000   Number         0  printfstubs.o ABSOLUTE
    _printf_f                                0x00000000   Number         0  printfstubs.o ABSOLUTE
    _printf_flags                            0x00000000   Number         0  printfstubs.o ABSOLUTE
    _printf_fp_dec                           0x00000000   Number         0  printfstubs.o ABSOLUTE
    _printf_fp_hex                           0x00000000   Number         0  printfstubs.o ABSOLUTE
    _printf_g                                0x00000000   Number         0  printfstubs.o ABSOLUTE
    _printf_i                                0x00000000   Number         0  printfstubs.o ABSOLUTE
    _printf_int_dec                          0x00000000   Number         0  printfstubs.o ABSOLUTE
    _printf_l                                0x00000000   Number         0  printfstubs.o ABSOLUTE
    _printf_lc                               0x00000000   Number         0  printfstubs.o ABSOLUTE
    _printf_ll                               0x00000000   Number         0  printfstubs.o ABSOLUTE
    _printf_lld                              0x00000000   Number         0  printfstubs.o ABSOLUTE
    _printf_lli                              0x00000000   Number         0  printfstubs.o ABSOLUTE
    _printf_llo                              0x00000000   Number         0  printfstubs.o ABSOLUTE
    _printf_llu                              0x00000000   Number         0  printfstubs.o ABSOLUTE
    _printf_llx                              0x00000000   Number         0  printfstubs.o ABSOLUTE
    _printf_longlong_dec                     0x00000000   Number         0  printfstubs.o ABSOLUTE
    _printf_longlong_hex                     0x00000000   Number         0  printfstubs.o ABSOLUTE
    _printf_longlong_oct                     0x00000000   Number         0  printfstubs.o ABSOLUTE
    _printf_ls                               0x00000000   Number         0  printfstubs.o ABSOLUTE
    _printf_mbtowc                           0x00000000   Number         0  printfstubs.o ABSOLUTE
    _printf_n                                0x00000000   Number         0  printfstubs.o ABSOLUTE
    _printf_o                                0x00000000   Number         0  printfstubs.o ABSOLUTE
    _printf_p                                0x00000000   Number         0  printfstubs.o ABSOLUTE
    _printf_percent                          0x00000000   Number         0  printfstubs.o ABSOLUTE
    _printf_pre_padding                      0x00000000   Number         0  printfstubs.o ABSOLUTE
    _printf_return_value                     0x00000000   Number         0  printfstubs.o ABSOLUTE
    _printf_s                                0x00000000   Number         0  printfstubs.o ABSOLUTE
    _printf_sizespec                         0x00000000   Number         0  printfstubs.o ABSOLUTE
    _printf_str                              0x00000000   Number         0  printfstubs.o ABSOLUTE
    _printf_truncate_signed                  0x00000000   Number         0  printfstubs.o ABSOLUTE
    _printf_truncate_unsigned                0x00000000   Number         0  printfstubs.o ABSOLUTE
    _printf_u                                0x00000000   Number         0  printfstubs.o ABSOLUTE
    _printf_wc                               0x00000000   Number         0  printfstubs.o ABSOLUTE
    _printf_wctomb                           0x00000000   Number         0  printfstubs.o ABSOLUTE
    _printf_widthprec                        0x00000000   Number         0  printfstubs.o ABSOLUTE
    _printf_x                                0x00000000   Number         0  printfstubs.o ABSOLUTE
    ATim3_IRQHandler                          - Undefined Weak Reference
    Adc_IRQHandler                            - Undefined Weak Reference
    BTim4_IRQHandler                          - Undefined Weak Reference
    BTim5_IRQHandler                          - Undefined Weak Reference
    Ctrim_IRQHandler                          - Undefined Weak Reference
    Flash_IRQHandler                          - Undefined Weak Reference
    GTim_IRQHandler                           - Undefined Weak Reference
    I2c_IRQHandler                            - Undefined Weak Reference
    Iwdt_IRQHandler                           - Undefined Weak Reference
    LpUart0_IRQHandler                        - Undefined Weak Reference
    Lvd_IRQHandler                            - Undefined Weak Reference
    PortA_IRQHandler                          - Undefined Weak Reference
    PortB_IRQHandler                          - Undefined Weak Reference
    PortC_IRQHandler                          - Undefined Weak Reference
    PortD_IRQHandler                          - Undefined Weak Reference
    Spi_IRQHandler                            - Undefined Weak Reference
    SysTick_IRQHandler                        - Undefined Weak Reference
    Wwdt_IRQHandler                           - Undefined Weak Reference
    __cpp_initialize__aeabi_                  - Undefined Weak Reference
    __cxa_finalize                            - Undefined Weak Reference
    __decompress                              - Undefined Weak Reference
    _clock_init                               - Undefined Weak Reference
    _microlib_exit                            - Undefined Weak Reference
    __Vectors_End                            0x000000c0   Data           0  startup_hc32f002.o(RESET)
    __Vectors_Size                           0x000000c0   Number         0  startup_hc32f002.o ABSOLUTE
    __main                                   0x000000c1   Thumb Code     0  entry.o(.ARM.Collect$$$$00000000)
    _main_stk                                0x000000c1   Thumb Code     0  entry2.o(.ARM.Collect$$$$00000001)
    _main_scatterload                        0x000000c5   Thumb Code     0  entry5.o(.ARM.Collect$$$$00000004)
    __main_after_scatterload                 0x000000c9   Thumb Code     0  entry5.o(.ARM.Collect$$$$00000004)
    _main_clock                              0x000000c9   Thumb Code     0  entry7b.o(.ARM.Collect$$$$00000008)
    _main_cpp_init                           0x000000c9   Thumb Code     0  entry8b.o(.ARM.Collect$$$$0000000A)
    _main_init                               0x000000c9   Thumb Code     0  entry9a.o(.ARM.Collect$$$$0000000B)
    __rt_final_cpp                           0x000000d1   Thumb Code     0  entry10a.o(.ARM.Collect$$$$0000000D)
    __rt_final_exit                          0x000000d1   Thumb Code     0  entry11a.o(.ARM.Collect$$$$0000000F)
    Reset_Handler                            0x000000d5   Thumb Code    26  startup_hc32f002.o(.text)
    NMI_Handler                              0x000000ef   Thumb Code     2  startup_hc32f002.o(.text)
    SVC_Handler                              0x000000f3   Thumb Code     2  startup_hc32f002.o(.text)
    PendSV_Handler                           0x000000f5   Thumb Code     2  startup_hc32f002.o(.text)
    Dummy_IRQHandler                         0x000000f9   Thumb Code     0  startup_hc32f002.o(.text)
    strncpy                                  0x00000111   Thumb Code    26  strncpy.o(.text)
    strlen                                   0x0000012b   Thumb Code    14  strlen.o(.text)
    __aeabi_fadd                             0x00000139   Thumb Code   162  fadd.o(.text)
    __aeabi_fsub                             0x000001db   Thumb Code     8  fadd.o(.text)
    __aeabi_frsub                            0x000001e3   Thumb Code     8  fadd.o(.text)
    __aeabi_fdiv                             0x000001eb   Thumb Code   124  fdiv.o(.text)
    __aeabi_dmul                             0x00000269   Thumb Code   202  dmul.o(.text)
    __aeabi_dcmplt                           0x00000339   Thumb Code    44  dcmplt.o(.text)
    __aeabi_dcmpgt                           0x00000365   Thumb Code    44  dcmpgt.o(.text)
    __aeabi_ui2f                             0x00000391   Thumb Code    14  ffltui.o(.text)
    __aeabi_ui2d                             0x000003a1   Thumb Code    24  dfltui.o(.text)
    __aeabi_f2iz                             0x000003bd   Thumb Code    50  ffixi.o(.text)
    __aeabi_uidiv                            0x000003ef   Thumb Code     0  uidiv_div0.o(.text)
    __aeabi_uidivmod                         0x000003ef   Thumb Code    62  uidiv_div0.o(.text)
    __aeabi_uldivmod                         0x0000042d   Thumb Code    96  uldiv.o(.text)
    __I$use$fp                               0x0000048d   Thumb Code     0  iusefp.o(.text)
    _float_round                             0x0000048d   Thumb Code    16  fepilogue.o(.text)
    _float_epilogue                          0x0000049d   Thumb Code   114  fepilogue.o(.text)
    _double_round                            0x0000050f   Thumb Code    26  depilogue.o(.text)
    _double_epilogue                         0x00000529   Thumb Code   164  depilogue.o(.text)
    __scatterload                            0x000005cd   Thumb Code    38  init.o(.text)
    __scatterload_rt2                        0x000005cd   Thumb Code     0  init.o(.text)
    __aeabi_llsl                             0x000005fd   Thumb Code    32  llshl.o(.text)
    _ll_shift_l                              0x000005fd   Thumb Code     0  llshl.o(.text)
    __aeabi_llsr                             0x0000061d   Thumb Code    34  llushr.o(.text)
    _ll_ushift_r                             0x0000061d   Thumb Code     0  llushr.o(.text)
    main                                     0x00000641   Thumb Code    64  system_hc32f002.o(.text.$Sub$$main)
    ADC_ClearFlag_EOC                        0x0000069d   Thumb Code    12  adc.o(.text.ADC_ClearFlag_EOC)
    ADC_GetResult                            0x000006a9   Thumb Code     6  adc.o(.text.ADC_GetResult)
    ADC_IRQHandler                           0x000006af   Thumb Code     8  interrupts_hc32f002.o(.text.ADC_IRQHandler)
    ADC_Init                                 0x000006b9   Thumb Code    72  adc.o(.text.ADC_Init)
    ADC_IsActiveFlag_EOC                     0x00000705   Thumb Code    10  adc.o(.text.ADC_IsActiveFlag_EOC)
    ADC_StartSingleConversion                0x0000070f   Thumb Code    12  adc.o(.text.ADC_StartSingleConversion)
    ATIM3_IRQHandler                         0x0000071b   Thumb Code     8  interrupts_hc32f002.o(.text.ATIM3_IRQHandler)
    BTim3_IRQHandler                         0x00000725   Thumb Code   184  app_timer.o(.text.BTim3_IRQHandler)
    Btim_ClearFlag                           0x000007e9   Thumb Code     8  btim.o(.text.Btim_ClearFlag)
    Btim_Enable                              0x000007f1   Thumb Code    10  btim.o(.text.Btim_Enable)
    Btim_EnableIT                            0x000007fb   Thumb Code     8  btim.o(.text.Btim_EnableIT)
    Btim_Init                                0x00000805   Thumb Code    64  btim.o(.text.Btim_Init)
    Btim_IsActiveFlag                        0x0000084d   Thumb Code    12  btim.o(.text.Btim_IsActiveFlag)
    CTRIM_IRQHandler                         0x00000859   Thumb Code     8  interrupts_hc32f002.o(.text.CTRIM_IRQHandler)
    EnableNvic                               0x00000861   Thumb Code   108  interrupts_hc32f002.o(.text.EnableNvic)
    FLASH_IRQHandler                         0x000008e1   Thumb Code     8  interrupts_hc32f002.o(.text.FLASH_IRQHandler)
    GPIO_Init                                0x000008e9   Thumb Code   196  gpio.o(.text.GPIO_Init)
    GTIM_BTIM3_4_5_IRQHandler                0x000009ad   Thumb Code    20  interrupts_hc32f002.o(.text.GTIM_BTIM3_4_5_IRQHandler)
    HardFault_Handler                        0x000009c1   Thumb Code    34  interrupts_hc32f002.o(.text.HardFault_Handler)
    I2C_IRQHandler                           0x000009e3   Thumb Code     8  interrupts_hc32f002.o(.text.I2C_IRQHandler)
    IWDT_WWDT_IRQHandler                     0x000009eb   Thumb Code    12  interrupts_hc32f002.o(.text.IWDT_WWDT_IRQHandler)
    LPUART0_IRQHandler                       0x000009f7   Thumb Code     8  interrupts_hc32f002.o(.text.LPUART0_IRQHandler)
    LPUART1_IRQHandler                       0x00000a01   Thumb Code   104  bsp_usart.o(.text.LPUART1_IRQHandler)
    LPUART_ClearIrq                          0x00000a75   Thumb Code     8  lpuart.o(.text.LPUART_ClearIrq)
    LPUART_EnableIrq                         0x00000a7d   Thumb Code     8  lpuart.o(.text.LPUART_EnableIrq)
    LPUART_GetFlag                           0x00000a85   Thumb Code     6  lpuart.o(.text.LPUART_GetFlag)
    LPUART_Init                              0x00000a8d   Thumb Code   200  lpuart.o(.text.LPUART_Init)
    LPUART_ReceiveIT                         0x00000b65   Thumb Code     8  lpuart.o(.text.LPUART_ReceiveIT)
    LPUART_Transmit                          0x00000b6d   Thumb Code   286  lpuart.o(.text.LPUART_Transmit)
    LVD_IRQHandler                           0x00000c8b   Thumb Code     8  interrupts_hc32f002.o(.text.LVD_IRQHandler)
    PORTA_IRQHandler                         0x00000c93   Thumb Code     8  interrupts_hc32f002.o(.text.PORTA_IRQHandler)
    PORTB_IRQHandler                         0x00000c9b   Thumb Code     8  interrupts_hc32f002.o(.text.PORTB_IRQHandler)
    PORTC_IRQHandler                         0x00000ca3   Thumb Code     8  interrupts_hc32f002.o(.text.PORTC_IRQHandler)
    PORTD_IRQHandler                         0x00000cab   Thumb Code     8  interrupts_hc32f002.o(.text.PORTD_IRQHandler)
    SEGGER_RTT_PutChar                       0x00000cb5   Thumb Code   184  segger_rtt.o(.text.SEGGER_RTT_PutChar)
    SPI_IRQHandler                           0x00000d7d   Thumb Code     8  interrupts_hc32f002.o(.text.SPI_IRQHandler)
    SYSCTRL_FuncEnable                       0x00000d85   Thumb Code    40  sysctrl.o(.text.SYSCTRL_FuncEnable)
    SYSCTRL_GetHCLK                          0x00000db9   Thumb Code   120  sysctrl.o(.text.SYSCTRL_GetHCLK)
    SYSCTRL_GetPCLK                          0x00000e31   Thumb Code   128  sysctrl.o(.text.SYSCTRL_GetPCLK)
    SYSCTRL_PeriphClkEnable                  0x00000ecd   Thumb Code    24  sysctrl.o(.text.SYSCTRL_PeriphClkEnable)
    SysTick_Handler                          0x00000ee9   Thumb Code     8  interrupts_hc32f002.o(.text.SysTick_Handler)
    SystemInit                               0x00000ef1   Thumb Code    60  system_hc32f002.o(.text.SystemInit)
    app_calculate_average                    0x00000f49   Thumb Code   108  app_base.o(.text.app_calculate_average)
    app_flash_read                           0x00000fb5   Thumb Code    98  bsp_flash.o(.text.app_flash_read)
    app_protocol_build                       0x00001019   Thumb Code    48  app_protocol.o(.text.app_protocol_build)
    app_timer_get_ticks                      0x0000104d   Thumb Code     8  app_timer.o(.text.app_timer_get_ticks)
    app_timer_init                           0x00001055   Thumb Code    84  app_timer.o(.text.app_timer_init)
    app_timer_poll                           0x000010b5   Thumb Code   204  app_timer.o(.text.app_timer_poll)
    app_timer_start                          0x00001181   Thumb Code   240  app_timer.o(.text.app_timer_start)
    bsp_595_init                             0x00001279   Thumb Code     8  bsp_595.o(.text.bsp_595_init)
    bsp_595_out                              0x00001281   Thumb Code   100  bsp_595.o(.text.bsp_595_out)
    bsp_adc_init                             0x000012ed   Thumb Code     8  bsp_adc.o(.text.bsp_adc_init)
    bsp_get_adc                              0x000012f5   Thumb Code    48  bsp_adc.o(.text.bsp_get_adc)
    bsp_pcb_595_init                         0x00001329   Thumb Code    80  bsp_pcb.o(.text.bsp_pcb_595_init)
    bsp_pcb_RD_init                          0x00001381   Thumb Code    36  bsp_pcb.o(.text.bsp_pcb_RD_init)
    bsp_pcb_adc_init                         0x000013ad   Thumb Code    52  bsp_pcb.o(.text.bsp_pcb_adc_init)
    bsp_pcb_panel_init                       0x000013e5   Thumb Code    60  bsp_pcb.o(.text.bsp_pcb_panel_init)
    bsp_pcb_usart_init                       0x0000142d   Thumb Code    92  bsp_pcb.o(.text.bsp_pcb_usart_init)
    bsp_usart1_rx_callback                   0x00001491   Thumb Code     8  bsp_usart.o(.text.bsp_usart1_rx_callback)
    bsp_usart_has_data                       0x00001499   Thumb Code    48  bsp_usart.o(.text.bsp_usart_has_data)
    bsp_usart_init                           0x000014d5   Thumb Code    92  bsp_usart.o(.text.bsp_usart_init)
    bsp_usart_tx                             0x00001531   Thumb Code    40  bsp_usart.o(.text.bsp_usart_tx)
    delay10us                                0x00001561   Thumb Code   372  ddl.o(.text.delay10us)
    delay1ms                                 0x000016d9   Thumb Code   388  ddl.o(.text.delay1ms)
    dev_config_load                          0x00001865   Thumb Code    16  dev_config.o(.text.dev_config_load)
    dev_get_config                           0x00001875   Thumb Code     4  dev_config.o(.text.dev_get_config)
    dev_jump_dev                             0x0000187d   Thumb Code     8  dev_manager.o(.text.dev_jump_dev)
    dev_panel_init                           0x00001885   Thumb Code    68  dev_panel.o(.text.dev_panel_init)
    fputc                                    0x00001a3d   Thumb Code    16  bsp_usart.o(.text.fputc)
    $Super$$main                             0x00001a4d   Thumb Code    26  main.o(.text.main)
    __0printf$8                              0x00001a69   Thumb Code    24  printf8.o(i.__0printf$8)
    __1printf$8                              0x00001a69   Thumb Code     0  printf8.o(i.__0printf$8)
    __2printf                                0x00001a69   Thumb Code     0  printf8.o(i.__0printf$8)
    __ARM_clz                                0x00001a89   Thumb Code    46  depilogue.o(i.__ARM_clz)
    __scatterload_copy                       0x00001ab7   Thumb Code    14  handlers.o(i.__scatterload_copy)
    __scatterload_null                       0x00001ac5   Thumb Code     2  handlers.o(i.__scatterload_null)
    __scatterload_zeroinit                   0x00001ac7   Thumb Code    14  handlers.o(i.__scatterload_zeroinit)
    Region$$Table$$Base                      0x00001f78   Number         0  anon$$obj.o(Region$$Table)
    Region$$Table$$Limit                     0x00001f98   Number         0  anon$$obj.o(Region$$Table)
    __stdout                                 0x20000000   Data           4  stdout.o(.data)
    SystemCoreClock                          0x20000004   Data           4  system_hc32f002.o(.data.SystemCoreClock)
    SystemHCLK                               0x20000008   Data           4  system_hc32f002.o(.data.SystemHCLK)
    _SEGGER_RTT                              0x20000048   Data          48  segger_rtt.o(.bss._SEGGER_RTT)
    __initial_sp                             0x20000660   Data           0  startup_hc32f002.o(STACK)



==============================================================================

Memory Map of the image

  Image Entry point : 0x000000c1

  Load Region LR_IROM1 (Base: 0x00000000, Size: 0x00001fe0, Max: 0x00004800, ABSOLUTE)

    Execution Region ER_IROM1 (Exec base: 0x00000000, Load base: 0x00000000, Size: 0x00001f98, Max: 0x00004800, ABSOLUTE)

    Exec Addr    Load Addr    Size         Type   Attr      Idx    E Section Name        Object

    0x00000000   0x00000000   0x000000c0   Data   RO            3    RESET               startup_hc32f002.o
    0x000000c0   0x000000c0   0x00000000   Code   RO         1161  * .ARM.Collect$$$$00000000  mc_p.l(entry.o)
    0x000000c0   0x000000c0   0x00000004   Code   RO         1459    .ARM.Collect$$$$00000001  mc_p.l(entry2.o)
    0x000000c4   0x000000c4   0x00000004   Code   RO         1462    .ARM.Collect$$$$00000004  mc_p.l(entry5.o)
    0x000000c8   0x000000c8   0x00000000   Code   RO         1464    .ARM.Collect$$$$00000008  mc_p.l(entry7b.o)
    0x000000c8   0x000000c8   0x00000000   Code   RO         1466    .ARM.Collect$$$$0000000A  mc_p.l(entry8b.o)
    0x000000c8   0x000000c8   0x00000008   Code   RO         1467    .ARM.Collect$$$$0000000B  mc_p.l(entry9a.o)
    0x000000d0   0x000000d0   0x00000000   Code   RO         1469    .ARM.Collect$$$$0000000D  mc_p.l(entry10a.o)
    0x000000d0   0x000000d0   0x00000000   Code   RO         1471    .ARM.Collect$$$$0000000F  mc_p.l(entry11a.o)
    0x000000d0   0x000000d0   0x00000004   Code   RO         1460    .ARM.Collect$$$$00002712  mc_p.l(entry2.o)
    0x000000d4   0x000000d4   0x0000003c   Code   RO            4    .text               startup_hc32f002.o
    0x00000110   0x00000110   0x0000001a   Code   RO         1174    .text               mc_p.l(strncpy.o)
    0x0000012a   0x0000012a   0x0000000e   Code   RO         1176    .text               mc_p.l(strlen.o)
    0x00000138   0x00000138   0x000000b2   Code   RO         1443    .text               mf_p.l(fadd.o)
    0x000001ea   0x000001ea   0x0000007c   Code   RO         1445    .text               mf_p.l(fdiv.o)
    0x00000266   0x00000266   0x00000002   PAD
    0x00000268   0x00000268   0x000000d0   Code   RO         1447    .text               mf_p.l(dmul.o)
    0x00000338   0x00000338   0x0000002c   Code   RO         1449    .text               mf_p.l(dcmplt.o)
    0x00000364   0x00000364   0x0000002c   Code   RO         1451    .text               mf_p.l(dcmpgt.o)
    0x00000390   0x00000390   0x0000000e   Code   RO         1453    .text               mf_p.l(ffltui.o)
    0x0000039e   0x0000039e   0x00000002   PAD
    0x000003a0   0x000003a0   0x0000001c   Code   RO         1455    .text               mf_p.l(dfltui.o)
    0x000003bc   0x000003bc   0x00000032   Code   RO         1457    .text               mf_p.l(ffixi.o)
    0x000003ee   0x000003ee   0x0000003e   Code   RO         1478    .text               mc_p.l(uidiv_div0.o)
    0x0000042c   0x0000042c   0x00000060   Code   RO         1484    .text               mc_p.l(uldiv.o)
    0x0000048c   0x0000048c   0x00000000   Code   RO         1486    .text               mc_p.l(iusefp.o)
    0x0000048c   0x0000048c   0x00000082   Code   RO         1487    .text               mf_p.l(fepilogue.o)
    0x0000050e   0x0000050e   0x000000be   Code   RO         1489    .text               mf_p.l(depilogue.o)
    0x000005cc   0x000005cc   0x00000030   Code   RO         1501    .text               mc_p.l(init.o)
    0x000005fc   0x000005fc   0x00000020   Code   RO         1503    .text               mc_p.l(llshl.o)
    0x0000061c   0x0000061c   0x00000022   Code   RO         1505    .text               mc_p.l(llushr.o)
    0x0000063e   0x0000063e   0x00000002   PAD
    0x00000640   0x00000640   0x0000005c   Code   RO           15    .text.$Sub$$main    system_hc32f002.o
    0x0000069c   0x0000069c   0x0000000c   Code   RO          181    .text.ADC_ClearFlag_EOC  adc.o
    0x000006a8   0x000006a8   0x00000006   Code   RO          167    .text.ADC_GetResult  adc.o
    0x000006ae   0x000006ae   0x00000008   Code   RO           53    .text.ADC_IRQHandler  interrupts_hc32f002.o
    0x000006b6   0x000006b6   0x00000002   PAD
    0x000006b8   0x000006b8   0x0000004c   Code   RO          143    .text.ADC_Init      adc.o
    0x00000704   0x00000704   0x0000000a   Code   RO          179    .text.ADC_IsActiveFlag_EOC  adc.o
    0x0000070e   0x0000070e   0x0000000c   Code   RO          157    .text.ADC_StartSingleConversion  adc.o
    0x0000071a   0x0000071a   0x00000008   Code   RO           41    .text.ATIM3_IRQHandler  interrupts_hc32f002.o
    0x00000722   0x00000722   0x00000002   PAD
    0x00000724   0x00000724   0x000000c4   Code   RO          923    .text.BTim3_IRQHandler  app_timer.o
    0x000007e8   0x000007e8   0x00000008   Code   RO          405    .text.Btim_ClearFlag  btim.o
    0x000007f0   0x000007f0   0x0000000a   Code   RO          365    .text.Btim_Enable   btim.o
    0x000007fa   0x000007fa   0x00000008   Code   RO          397    .text.Btim_EnableIT  btim.o
    0x00000802   0x00000802   0x00000002   PAD
    0x00000804   0x00000804   0x00000048   Code   RO          355    .text.Btim_Init     btim.o
    0x0000084c   0x0000084c   0x0000000c   Code   RO          403    .text.Btim_IsActiveFlag  btim.o
    0x00000858   0x00000858   0x00000008   Code   RO           59    .text.CTRIM_IRQHandler  interrupts_hc32f002.o
    0x00000860   0x00000860   0x00000080   Code   RO           27    .text.EnableNvic    interrupts_hc32f002.o
    0x000008e0   0x000008e0   0x00000008   Code   RO           57    .text.FLASH_IRQHandler  interrupts_hc32f002.o
    0x000008e8   0x000008e8   0x000000c4   Code   RO          521    .text.GPIO_Init     gpio.o
    0x000009ac   0x000009ac   0x00000014   Code   RO           49    .text.GTIM_BTIM3_4_5_IRQHandler  interrupts_hc32f002.o
    0x000009c0   0x000009c0   0x00000022   Code   RO           29    .text.HardFault_Handler  interrupts_hc32f002.o
    0x000009e2   0x000009e2   0x00000008   Code   RO           47    .text.I2C_IRQHandler  interrupts_hc32f002.o
    0x000009ea   0x000009ea   0x0000000c   Code   RO           51    .text.IWDT_WWDT_IRQHandler  interrupts_hc32f002.o
    0x000009f6   0x000009f6   0x00000008   Code   RO           43    .text.LPUART0_IRQHandler  interrupts_hc32f002.o
    0x000009fe   0x000009fe   0x00000002   PAD
    0x00000a00   0x00000a00   0x00000074   Code   RO          961    .text.LPUART1_IRQHandler  bsp_usart.o
    0x00000a74   0x00000a74   0x00000008   Code   RO          731    .text.LPUART_ClearIrq  lpuart.o
    0x00000a7c   0x00000a7c   0x00000008   Code   RO          725    .text.LPUART_EnableIrq  lpuart.o
    0x00000a84   0x00000a84   0x00000006   Code   RO          729    .text.LPUART_GetFlag  lpuart.o
    0x00000a8a   0x00000a8a   0x00000002   PAD
    0x00000a8c   0x00000a8c   0x000000d8   Code   RO          715    .text.LPUART_Init   lpuart.o
    0x00000b64   0x00000b64   0x00000008   Code   RO          723    .text.LPUART_ReceiveIT  lpuart.o
    0x00000b6c   0x00000b6c   0x0000011e   Code   RO          717    .text.LPUART_Transmit  lpuart.o
    0x00000c8a   0x00000c8a   0x00000008   Code   RO           55    .text.LVD_IRQHandler  interrupts_hc32f002.o
    0x00000c92   0x00000c92   0x00000008   Code   RO           33    .text.PORTA_IRQHandler  interrupts_hc32f002.o
    0x00000c9a   0x00000c9a   0x00000008   Code   RO           35    .text.PORTB_IRQHandler  interrupts_hc32f002.o
    0x00000ca2   0x00000ca2   0x00000008   Code   RO           37    .text.PORTC_IRQHandler  interrupts_hc32f002.o
    0x00000caa   0x00000caa   0x00000008   Code   RO           39    .text.PORTD_IRQHandler  interrupts_hc32f002.o
    0x00000cb2   0x00000cb2   0x00000002   PAD
    0x00000cb4   0x00000cb4   0x000000c8   Code   RO         1057    .text.SEGGER_RTT_PutChar  segger_rtt.o
    0x00000d7c   0x00000d7c   0x00000008   Code   RO           45    .text.SPI_IRQHandler  interrupts_hc32f002.o
    0x00000d84   0x00000d84   0x00000034   Code   RO          114    .text.SYSCTRL_FuncEnable  sysctrl.o
    0x00000db8   0x00000db8   0x00000078   Code   RO          110    .text.SYSCTRL_GetHCLK  sysctrl.o
    0x00000e30   0x00000e30   0x0000009c   Code   RO          112    .text.SYSCTRL_GetPCLK  sysctrl.o
    0x00000ecc   0x00000ecc   0x0000001c   Code   RO          118    .text.SYSCTRL_PeriphClkEnable  sysctrl.o
    0x00000ee8   0x00000ee8   0x00000008   Code   RO           31    .text.SysTick_Handler  interrupts_hc32f002.o
    0x00000ef0   0x00000ef0   0x00000058   Code   RO           13    .text.SystemInit    system_hc32f002.o
    0x00000f48   0x00000f48   0x0000006c   Code   RO          935    .text.app_calculate_average  app_base.o
    0x00000fb4   0x00000fb4   0x00000062   Code   RO         1019    .text.app_flash_read  bsp_flash.o
    0x00001016   0x00001016   0x00000002   PAD
    0x00001018   0x00001018   0x00000034   Code   RO          944    .text.app_protocol_build  app_protocol.o
    0x0000104c   0x0000104c   0x00000008   Code   RO          921    .text.app_timer_get_ticks  app_timer.o
    0x00001054   0x00001054   0x00000060   Code   RO          909    .text.app_timer_init  app_timer.o
    0x000010b4   0x000010b4   0x000000cc   Code   RO          919    .text.app_timer_poll  app_timer.o
    0x00001180   0x00001180   0x000000f8   Code   RO          911    .text.app_timer_start  app_timer.o
    0x00001278   0x00001278   0x00000008   Code   RO          996    .text.bsp_595_init  bsp_595.o
    0x00001280   0x00001280   0x0000006c   Code   RO          998    .text.bsp_595_out   bsp_595.o
    0x000012ec   0x000012ec   0x00000008   Code   RO         1008    .text.bsp_adc_init  bsp_adc.o
    0x000012f4   0x000012f4   0x00000034   Code   RO         1010    .text.bsp_get_adc   bsp_adc.o
    0x00001328   0x00001328   0x00000058   Code   RO          986    .text.bsp_pcb_595_init  bsp_pcb.o
    0x00001380   0x00001380   0x0000002c   Code   RO          980    .text.bsp_pcb_RD_init  bsp_pcb.o
    0x000013ac   0x000013ac   0x00000038   Code   RO          984    .text.bsp_pcb_adc_init  bsp_pcb.o
    0x000013e4   0x000013e4   0x00000048   Code   RO          978    .text.bsp_pcb_panel_init  bsp_pcb.o
    0x0000142c   0x0000142c   0x00000064   Code   RO          982    .text.bsp_pcb_usart_init  bsp_pcb.o
    0x00001490   0x00001490   0x00000008   Code   RO          955    .text.bsp_usart1_rx_callback  bsp_usart.o
    0x00001498   0x00001498   0x0000003c   Code   RO          963    .text.bsp_usart_has_data  bsp_usart.o
    0x000014d4   0x000014d4   0x0000005c   Code   RO          957    .text.bsp_usart_init  bsp_usart.o
    0x00001530   0x00001530   0x00000030   Code   RO          959    .text.bsp_usart_tx  bsp_usart.o
    0x00001560   0x00001560   0x00000178   Code   RO           86    .text.delay10us     ddl.o
    0x000016d8   0x000016d8   0x0000018c   Code   RO           82    .text.delay1ms      ddl.o
    0x00001864   0x00001864   0x00000010   Code   RO         1149    .text.dev_config_load  dev_config.o
    0x00001874   0x00001874   0x00000008   Code   RO         1151    .text.dev_get_config  dev_config.o
    0x0000187c   0x0000187c   0x00000008   Code   RO         1123    .text.dev_jump_dev  dev_manager.o
    0x00001884   0x00001884   0x00000064   Code   RO         1131    .text.dev_panel_init  dev_panel.o
    0x000018e8   0x000018e8   0x00000084   Code   RO         1133    .text.dev_panel_proto_check  dev_panel.o
    0x0000196c   0x0000196c   0x000000d0   Code   RO         1135    .text.dev_panel_read_adc  dev_panel.o
    0x00001a3c   0x00001a3c   0x00000010   Code   RO          965    .text.fputc         bsp_usart.o
    0x00001a4c   0x00001a4c   0x0000001a   Code   RO           69    .text.main          main.o
    0x00001a66   0x00001a66   0x00000002   PAD
    0x00001a68   0x00001a68   0x00000020   Code   RO         1389    i.__0printf$8       mc_p.l(printf8.o)
    0x00001a88   0x00001a88   0x0000002e   Code   RO         1491    i.__ARM_clz         mf_p.l(depilogue.o)
    0x00001ab6   0x00001ab6   0x0000000e   Code   RO         1511    i.__scatterload_copy  mc_p.l(handlers.o)
    0x00001ac4   0x00001ac4   0x00000002   Code   RO         1512    i.__scatterload_null  mc_p.l(handlers.o)
    0x00001ac6   0x00001ac6   0x0000000e   Code   RO         1513    i.__scatterload_zeroinit  mc_p.l(handlers.o)
    0x00001ad4   0x00001ad4   0x00000428   Code   RO         1396    i._printf_core      mc_p.l(printf8.o)
    0x00001efc   0x00001efc   0x00000020   Code   RO         1397    i._printf_post_padding  mc_p.l(printf8.o)
    0x00001f1c   0x00001f1c   0x0000002c   Code   RO         1398    i._printf_pre_padding  mc_p.l(printf8.o)
    0x00001f48   0x00001f48   0x00000024   Data   RO          134    .rodata.au32RCHFreqTable  sysctrl.o
    0x00001f6c   0x00001f6c   0x00000009   Data   RO         1098    .rodata.str1.1      segger_rtt.o
    0x00001f75   0x00001f75   0x00000003   PAD
    0x00001f78   0x00001f78   0x00000020   Data   RO         1510    Region$$Table       anon$$obj.o


    Execution Region RW_IRAM1 (Exec base: 0x20000000, Load base: 0x00001f98, Size: 0x00000660, Max: 0x00000800, ABSOLUTE)

    Exec Addr    Load Addr    Size         Type   Attr      Idx    E Section Name        Object

    0x20000000   0x00001f98   0x00000004   Data   RW         1473    .data               mc_p.l(stdout.o)
    0x20000004   0x00001f9c   0x00000004   Data   RW           17    .data.SystemCoreClock  system_hc32f002.o
    0x20000008   0x00001fa0   0x00000004   Data   RW           18    .data.SystemHCLK    system_hc32f002.o
    0x2000000c   0x00001fa4   0x0000003c   Data   RW         1137    .data.my_panel_status  dev_panel.o
    0x20000048        -       0x00000030   Zero   RW         1095    .bss._SEGGER_RTT    segger_rtt.o
    0x20000078        -       0x00000000   Zero   RW         1100    .bss._acDownBuffer  segger_rtt.o
    0x20000078        -       0x00000200   Zero   RW         1099    .bss._acUpBuffer    segger_rtt.o
    0x20000278        -       0x00000004   Zero   RW          969    .bss.last_rx_ticks  bsp_usart.o
    0x2000027c        -       0x00000018   Zero   RW         1138    .bss.my_adc_value   dev_panel.o
    0x20000294        -       0x00000001   Zero   RW         1153    .bss.my_panel_cfg   dev_config.o
    0x20000295   0x00001fe0   0x00000001   PAD
    0x20000296        -       0x0000000a   Zero   RW          946    .bss.my_panel_frame  app_protocol.o
    0x200002a0        -       0x000000b4   Zero   RW          925    .bss.my_soft_timer  app_timer.o
    0x20000354        -       0x00000102   Zero   RW          968    .bss.rx1_buf        bsp_usart.o
    0x20000456   0x00001fe0   0x00000002   PAD
    0x20000458        -       0x00000004   Zero   RW          967    .bss.rx1_callback   bsp_usart.o
    0x2000045c        -       0x00000004   Zero   RW          926    .bss.system_ticks   app_timer.o
    0x20000460        -       0x00000200   Zero   RW            1    STACK               startup_hc32f002.o


==============================================================================

Image component sizes


      Code (inc. data)   RO Data    RW Data    ZI Data      Debug   Object Name

       116          4          0          0          0       5931   adc.o
       108          0          0          0          0        940   app_base.o
        52          4          0          0         10       1286   app_protocol.o
       752         32          0          0        184       7487   app_timer.o
       116          8          0          0          0       5313   bsp_595.o
        60          4          0          0          0       2424   bsp_adc.o
        98          0          0          0          0       2135   bsp_flash.o
       360         40          0          0          0       8427   bsp_pcb.o
       340         32          0          0        266       9610   bsp_usart.o
       110          8          0          0          0       6925   btim.o
       772         12          0          0          0       4175   ddl.o
        24          4          0          0          1       1434   dev_config.o
         8          0          0          0          0        364   dev_manager.o
       440        140          0         60         24       3116   dev_panel.o
       196          0          0          0          0       5474   gpio.o
       298         20          0          0          0       4302   interrupts_hc32f002.o
       532         16          0          0          0       6997   lpuart.o
        26          0          0          0          0        365   main.o
       200         16          9          0        560      32589   segger_rtt.o
        60         22        192          0        512        596   startup_hc32f002.o
       356         44         36          0          0       9784   sysctrl.o
       180         56          0          8          0       4486   system_hc32f002.o

    ----------------------------------------------------------------------
      5220        462        272         68       1560     124160   Object Totals
         0          0         32          0          0          0   (incl. Generated)
        16          0          3          0          3          0   (incl. Padding)

    ----------------------------------------------------------------------

      Code (inc. data)   RO Data    RW Data    ZI Data      Debug   Library Member Name

         0          0          0          0          0          0   entry.o
         0          0          0          0          0          0   entry10a.o
         0          0          0          0          0          0   entry11a.o
         8          4          0          0          0          0   entry2.o
         4          0          0          0          0          0   entry5.o
         0          0          0          0          0          0   entry7b.o
         0          0          0          0          0          0   entry8b.o
         8          4          0          0          0          0   entry9a.o
        30          0          0          0          0          0   handlers.o
        48         10          0          0          0         68   init.o
         0          0          0          0          0          0   iusefp.o
        32          0          0          0          0         68   llshl.o
        34          0          0          0          0         68   llushr.o
      1172         52          0          0          0        324   printf8.o
         0          0          0          4          0          0   stdout.o
        14          0          0          0          0         60   strlen.o
        26          0          0          0          0         68   strncpy.o
        62          0          0          0          0         72   uidiv_div0.o
        96          0          0          0          0         84   uldiv.o
        44          0          0          0          0         68   dcmpgt.o
        44          0          0          0          0         68   dcmplt.o
       236          0          0          0          0        216   depilogue.o
        28          4          0          0          0         68   dfltui.o
       208          6          0          0          0         88   dmul.o
       178          0          0          0          0        108   fadd.o
       124          0          0          0          0         72   fdiv.o
       130          0          0          0          0        144   fepilogue.o
        50          0          0          0          0         60   ffixi.o
        14          0          0          0          0         68   ffltui.o

    ----------------------------------------------------------------------
      2596         80          0          4          0       1772   Library Totals
         6          0          0          0          0          0   (incl. Padding)

    ----------------------------------------------------------------------

      Code (inc. data)   RO Data    RW Data    ZI Data      Debug   Library Name

      1534         70          0          4          0        812   mc_p.l
      1056         10          0          0          0        960   mf_p.l

    ----------------------------------------------------------------------
      2596         80          0          4          0       1772   Library Totals

    ----------------------------------------------------------------------

==============================================================================


      Code (inc. data)   RO Data    RW Data    ZI Data      Debug   

      7816        542        272         72       1560     124848   Grand Totals
      7816        542        272         72       1560     124848   ELF Image Totals
      7816        542        272         72          0          0   ROM Totals

==============================================================================

    Total RO  Size (Code + RO Data)                 8088 (   7.90kB)
    Total RW  Size (RW Data + ZI Data)              1632 (   1.59kB)
    Total ROM Size (Code + RO Data + RW Data)       8160 (   7.97kB)

==============================================================================

